Archive member included to satisfy reference by file (symbol)

c:/program files (x86)/gnu tools arm embedded/7 2017-q4-major/bin/../lib/gcc/arm-none-eabi/7.2.1/thumb/v7e-m/fpv4-sp/hard\libgcc.a(_arm_addsubdf3.o)
                              objdir/secure-can.o (__aeabi_dsub)
c:/program files (x86)/gnu tools arm embedded/7 2017-q4-major/bin/../lib/gcc/arm-none-eabi/7.2.1/thumb/v7e-m/fpv4-sp/hard\libgcc.a(_arm_muldivdf3.o)
                              objdir/secure-can.o (__aeabi_dmul)
c:/program files (x86)/gnu tools arm embedded/7 2017-q4-major/bin/../lib/gcc/arm-none-eabi/7.2.1/thumb/v7e-m/fpv4-sp/hard\libgcc.a(_arm_cmpdf2.o)
                              objdir/secure-can.o (__aeabi_dcmplt)
c:/program files (x86)/gnu tools arm embedded/7 2017-q4-major/bin/../lib/gcc/arm-none-eabi/7.2.1/thumb/v7e-m/fpv4-sp/hard\libgcc.a(_arm_fixunsdfsi.o)
                              objdir/secure-can.o (__aeabi_d2uiz)
c:/program files (x86)/gnu tools arm embedded/7 2017-q4-major/bin/../lib/gcc/arm-none-eabi/7.2.1/../../../../arm-none-eabi/lib/thumb/v7e-m/fpv4-sp/hard\libg.a(lib_a-errno.o)
                              objdir/stm32f3_sysmem.o (__errno)
c:/program files (x86)/gnu tools arm embedded/7 2017-q4-major/bin/../lib/gcc/arm-none-eabi/7.2.1/../../../../arm-none-eabi/lib/thumb/v7e-m/fpv4-sp/hard\libg.a(lib_a-exit.o)
                              c:/program files (x86)/gnu tools arm embedded/7 2017-q4-major/bin/../lib/gcc/arm-none-eabi/7.2.1/../../../../arm-none-eabi/lib/thumb/v7e-m/fpv4-sp/hard/crt0.o (exit)
c:/program files (x86)/gnu tools arm embedded/7 2017-q4-major/bin/../lib/gcc/arm-none-eabi/7.2.1/../../../../arm-none-eabi/lib/thumb/v7e-m/fpv4-sp/hard\libg.a(lib_a-impure.o)
                              c:/program files (x86)/gnu tools arm embedded/7 2017-q4-major/bin/../lib/gcc/arm-none-eabi/7.2.1/../../../../arm-none-eabi/lib/thumb/v7e-m/fpv4-sp/hard\libg.a(lib_a-exit.o) (_global_impure_ptr)
c:/program files (x86)/gnu tools arm embedded/7 2017-q4-major/bin/../lib/gcc/arm-none-eabi/7.2.1/../../../../arm-none-eabi/lib/thumb/v7e-m/fpv4-sp/hard\libg.a(lib_a-init.o)
                              c:/program files (x86)/gnu tools arm embedded/7 2017-q4-major/bin/../lib/gcc/arm-none-eabi/7.2.1/../../../../arm-none-eabi/lib/thumb/v7e-m/fpv4-sp/hard/crt0.o (__libc_init_array)
c:/program files (x86)/gnu tools arm embedded/7 2017-q4-major/bin/../lib/gcc/arm-none-eabi/7.2.1/../../../../arm-none-eabi/lib/thumb/v7e-m/fpv4-sp/hard\libg.a(lib_a-memcmp.o)
                              objdir/seccan.o (memcmp)
c:/program files (x86)/gnu tools arm embedded/7 2017-q4-major/bin/../lib/gcc/arm-none-eabi/7.2.1/../../../../arm-none-eabi/lib/thumb/v7e-m/fpv4-sp/hard\libg.a(lib_a-memcpy.o)
                              objdir/seccan.o (memcpy)
c:/program files (x86)/gnu tools arm embedded/7 2017-q4-major/bin/../lib/gcc/arm-none-eabi/7.2.1/../../../../arm-none-eabi/lib/thumb/v7e-m/fpv4-sp/hard\libg.a(lib_a-memset.o)
                              c:/program files (x86)/gnu tools arm embedded/7 2017-q4-major/bin/../lib/gcc/arm-none-eabi/7.2.1/../../../../arm-none-eabi/lib/thumb/v7e-m/fpv4-sp/hard/crt0.o (memset)
c:/program files (x86)/gnu tools arm embedded/7 2017-q4-major/bin/../lib/gcc/arm-none-eabi/7.2.1/../../../../arm-none-eabi/lib/thumb/v7e-m/fpv4-sp/hard\libg.a(lib_a-printf.o)
                              objdir/aes.o (printf)
c:/program files (x86)/gnu tools arm embedded/7 2017-q4-major/bin/../lib/gcc/arm-none-eabi/7.2.1/../../../../arm-none-eabi/lib/thumb/v7e-m/fpv4-sp/hard\libg.a(lib_a-putchar.o)
                              objdir/aes.o (putchar)
c:/program files (x86)/gnu tools arm embedded/7 2017-q4-major/bin/../lib/gcc/arm-none-eabi/7.2.1/../../../../arm-none-eabi/lib/thumb/v7e-m/fpv4-sp/hard\libg.a(lib_a-puts.o)
                              objdir/aes.o (puts)
c:/program files (x86)/gnu tools arm embedded/7 2017-q4-major/bin/../lib/gcc/arm-none-eabi/7.2.1/../../../../arm-none-eabi/lib/thumb/v7e-m/fpv4-sp/hard\libg.a(lib_a-strlen.o)
                              c:/program files (x86)/gnu tools arm embedded/7 2017-q4-major/bin/../lib/gcc/arm-none-eabi/7.2.1/../../../../arm-none-eabi/lib/thumb/v7e-m/fpv4-sp/hard\libg.a(lib_a-puts.o) (strlen)
c:/program files (x86)/gnu tools arm embedded/7 2017-q4-major/bin/../lib/gcc/arm-none-eabi/7.2.1/../../../../arm-none-eabi/lib/thumb/v7e-m/fpv4-sp/hard\libg.a(lib_a-vfprintf.o)
                              c:/program files (x86)/gnu tools arm embedded/7 2017-q4-major/bin/../lib/gcc/arm-none-eabi/7.2.1/../../../../arm-none-eabi/lib/thumb/v7e-m/fpv4-sp/hard\libg.a(lib_a-printf.o) (_vfprintf_r)
c:/program files (x86)/gnu tools arm embedded/7 2017-q4-major/bin/../lib/gcc/arm-none-eabi/7.2.1/../../../../arm-none-eabi/lib/thumb/v7e-m/fpv4-sp/hard\libg.a(lib_a-wsetup.o)
                              c:/program files (x86)/gnu tools arm embedded/7 2017-q4-major/bin/../lib/gcc/arm-none-eabi/7.2.1/../../../../arm-none-eabi/lib/thumb/v7e-m/fpv4-sp/hard\libg.a(lib_a-vfprintf.o) (__swsetup_r)
[...]
Memory Configuration

Name             Origin             Length             Attributes
RAM              0x20000000         0x00003000         xrw
ROM              0x08000000         0x00010000         xr
*default*        0x00000000         0xffffffff

Linker script and memory map

LOAD c:/program files (x86)/gnu tools arm embedded/7 2017-q4-major/bin/../lib/gcc/arm-none-eabi/7.2.1/thumb/v7e-m/fpv4-sp/hard/crti.o
LOAD c:/program files (x86)/gnu tools arm embedded/7 2017-q4-major/bin/../lib/gcc/arm-none-eabi/7.2.1/thumb/v7e-m/fpv4-sp/hard/crtbegin.o
LOAD c:/program files (x86)/gnu tools arm embedded/7 2017-q4-major/bin/../lib/gcc/arm-none-eabi/7.2.1/../../../../arm-none-eabi/lib/thumb/v7e-m/fpv4-sp/hard/crt0.o
LOAD objdir/secure-can.o
LOAD objdir/seccan.o
LOAD objdir/simpleserial.o
LOAD objdir/stm32f3_hal.o
LOAD objdir/stm32f3_hal_lowlevel.o
LOAD objdir/stm32f3_sysmem.o
LOAD objdir/stm32f3_hal_seccan.o
LOAD objdir/stm32f3xx_hal_adc_ex.o
LOAD objdir/stm32f3xx_hal_tim.o
LOAD objdir/stm32f3xx_hal_can.o
LOAD objdir/aes-independant.o
LOAD objdir/aes.o
LOAD objdir/stm32f3_startup.o
LOAD c:/program files (x86)/gnu tools arm embedded/7 2017-q4-major/bin/../lib/gcc/arm-none-eabi/7.2.1/../../../../arm-none-eabi/lib/thumb/v7e-m/fpv4-sp/hard\libm.a
LOAD c:/program files (x86)/gnu tools arm embedded/7 2017-q4-major/bin/../lib/gcc/arm-none-eabi/7.2.1/../../../../arm-none-eabi/lib/thumb/v7e-m/fpv4-sp/hard\libm.a
START GROUP
LOAD c:/program files (x86)/gnu tools arm embedded/7 2017-q4-major/bin/../lib/gcc/arm-none-eabi/7.2.1/thumb/v7e-m/fpv4-sp/hard\libgcc.a
LOAD c:/program files (x86)/gnu tools arm embedded/7 2017-q4-major/bin/../lib/gcc/arm-none-eabi/7.2.1/../../../../arm-none-eabi/lib/thumb/v7e-m/fpv4-sp/hard\libg.a
LOAD c:/program files (x86)/gnu tools arm embedded/7 2017-q4-major/bin/../lib/gcc/arm-none-eabi/7.2.1/../../../../arm-none-eabi/lib/thumb/v7e-m/fpv4-sp/hard\libc.a
END GROUP
LOAD c:/program files (x86)/gnu tools arm embedded/7 2017-q4-major/bin/../lib/gcc/arm-none-eabi/7.2.1/thumb/v7e-m/fpv4-sp/hard/crtend.o
LOAD c:/program files (x86)/gnu tools arm embedded/7 2017-q4-major/bin/../lib/gcc/arm-none-eabi/7.2.1/thumb/v7e-m/fpv4-sp/hard/crtn.o
                0x20003000                _estack = 0x20003000
                0x00000000                _Min_Heap_Size = 0x0
                0x00000400                _Min_Stack_Size = 0x400

.isr_vector     0x08000000      0x188
                0x08000000                . = ALIGN (0x4)
 *(.isr_vector)
 .isr_vector    0x08000000      0x188 objdir/stm32f3_startup.o
                0x08000000                g_pfnVectors
                0x08000188                . = ALIGN (0x4)

.text           0x08000188     0x5964
                0x08000188                . = ALIGN (0x4)
 *(.text)
 .text          0x08000188       0x40 c:/program files (x86)/gnu tools arm embedded/7 2017-q4-major/bin/../lib/gcc/arm-none-eabi/7.2.1/thumb/v7e-m/fpv4-sp/hard/crtbegin.o
 .text          0x080001c8      0x378 c:/program files (x86)/gnu tools arm embedded/7 2017-q4-major/bin/../lib/gcc/arm-none-eabi/7.2.1/thumb/v7e-m/fpv4-sp/hard\libgcc.a(_arm_addsubdf3.o)
                0x080001c8                __aeabi_drsub
                0x080001d0                __aeabi_dsub
                0x080001d0                __subdf3
                0x080001d4                __aeabi_dadd
                0x080001d4                __adddf3
                0x0800044c                __floatunsidf
                0x0800044c                __aeabi_ui2d
                0x0800046c                __floatsidf
                0x0800046c                __aeabi_i2d
                0x08000490                __aeabi_f2d
                0x08000490                __extendsfdf2
                0x080004d4                __floatundidf
                0x080004d4                __aeabi_ul2d
                0x080004e4                __floatdidf
                0x080004e4                __aeabi_l2d
 .text          0x08000540      0x424 c:/program files (x86)/gnu tools arm embedded/7 2017-q4-major/bin/../lib/gcc/arm-none-eabi/7.2.1/thumb/v7e-m/fpv4-sp/hard\libgcc.a(_arm_muldivdf3.o)
                0x08000540                __aeabi_dmul
                0x08000540                __muldf3
                0x08000794                __divdf3
                0x08000794                __aeabi_ddiv
 .text          0x08000964      0x110 c:/program files (x86)/gnu tools arm embedded/7 2017-q4-major/bin/../lib/gcc/arm-none-eabi/7.2.1/thumb/v7e-m/fpv4-sp/hard\libgcc.a(_arm_cmpdf2.o)
                0x08000964                __gtdf2
                0x08000964                __gedf2
                0x0800096c                __ltdf2
                0x0800096c                __ledf2
                0x08000974                __nedf2
                0x08000974                __eqdf2
                0x08000974                __cmpdf2
                0x080009f0                __aeabi_cdrcmple
                0x08000a00                __aeabi_cdcmpeq
                0x08000a00                __aeabi_cdcmple
                0x08000a10                __aeabi_dcmpeq
                0x08000a24                __aeabi_dcmplt
                0x08000a38                __aeabi_dcmple
                0x08000a4c                __aeabi_dcmpge
                0x08000a60                __aeabi_dcmpgt
 .text          0x08000a74       0x40 c:/program files (x86)/gnu tools arm embedded/7 2017-q4-major/bin/../lib/gcc/arm-none-eabi/7.2.1/thumb/v7e-m/fpv4-sp/hard\libgcc.a(_arm_fixunsdfsi.o)
                0x08000a74                __aeabi_d2uiz
                0x08000a74                __fixunsdfsi
 .text          0x08000ab4      0x134 c:/program files (x86)/gnu tools arm embedded/7 2017-q4-major/bin/../lib/gcc/arm-none-eabi/7.2.1/../../../../arm-none-eabi/lib/thumb/v7e-m/fpv4-sp/hard\libg.a(lib_a-memcpy.o)
                0x08000ab4                memcpy
 *(.text*)
 .text.send_can_packet
                0x08000be8       0x26 objdir/secure-can.o
                0x08000be8                send_can_packet
 .text.setup    0x08000c0e       0x20 objdir/secure-can.o
                0x08000c0e                setup
 *fill*         0x08000c2e        0x2 
 .text.adc_stm_loop
                0x08000c30      0x130 objdir/secure-can.o
                0x08000c30                adc_stm_loop
 .text.main     0x08000d60       0x12 objdir/secure-can.o
                0x08000d60                main
 *fill*         0x08000d72        0x2 
 .text.encrypt_can_packet
                0x08000d74      0x19c objdir/seccan.o
                0x08000d74                encrypt_can_packet
 .text.platform_init
                0x08000f10       0x4c objdir/stm32f3_hal.o
                0x08000f10                platform_init
 .text.init_uart
                0x08000f5c       0xa0 objdir/stm32f3_hal.o
                0x08000f5c                init_uart
 .text.trigger_setup
                0x08000ffc       0x58 objdir/stm32f3_hal.o
                0x08000ffc                trigger_setup
 .text.trigger_high
                0x08001054       0x16 objdir/stm32f3_hal.o
                0x08001054                trigger_high
 .text.trigger_low
                0x0800106a       0x16 objdir/stm32f3_hal.o
                0x0800106a                trigger_low
 .text.HAL_GetTick
                0x08001080       0x1c objdir/stm32f3_hal_lowlevel.o
                0x08001080                HAL_GetTick
 .text.HAL_RCC_GetSysClockFreq
                0x0800109c       0x18 objdir/stm32f3_hal_lowlevel.o
                0x0800109c                HAL_RCC_GetSysClockFreq
 .text.HAL_RCC_GetPCLK1Freq
                0x080010b4       0x18 objdir/stm32f3_hal_lowlevel.o
                0x080010b4                HAL_RCC_GetPCLK1Freq
 .text.HAL_RCC_OscConfig
                0x080010cc      0xdd4 objdir/stm32f3_hal_lowlevel.o
                0x080010cc                HAL_RCC_OscConfig
 .text.HAL_RCC_ClockConfig
                0x08001ea0      0x338 objdir/stm32f3_hal_lowlevel.o
                0x08001ea0                HAL_RCC_ClockConfig
 .text.HAL_RCC_GetPCLK2Freq
                0x080021d8       0x12 objdir/stm32f3_hal_lowlevel.o
                0x080021d8                HAL_RCC_GetPCLK2Freq
 *fill*         0x080021ea        0x2 
 .text.HAL_GPIO_Init
                0x080021ec      0x2fc objdir/stm32f3_hal_lowlevel.o
                0x080021ec                HAL_GPIO_Init
 .text.HAL_GPIO_WritePin
                0x080024e8       0x30 objdir/stm32f3_hal_lowlevel.o
                0x080024e8                HAL_GPIO_WritePin
 .text.UART_SetConfig
                0x08002518      0x3fc objdir/stm32f3_hal_lowlevel.o
                0x08002518                UART_SetConfig
 .text.UART_CheckIdleState
                0x08002914       0x92 objdir/stm32f3_hal_lowlevel.o
                0x08002914                UART_CheckIdleState
 .text.HAL_UART_Init
                0x080029a6       0x8e objdir/stm32f3_hal_lowlevel.o
                0x080029a6                HAL_UART_Init
 .text.UART_WaitOnFlagUntilTimeout
                0x08002a34       0x94 objdir/stm32f3_hal_lowlevel.o
                0x08002a34                UART_WaitOnFlagUntilTimeout
 .text.can_return_error
                0x08002ac8       0x40 objdir/stm32f3_hal_seccan.o
 .text.init_can
                0x08002b08      0x148 objdir/stm32f3_hal_seccan.o
                0x08002b08                init_can
 .text.write_can
                0x08002c50       0xc8 objdir/stm32f3_hal_seccan.o
                0x08002c50                write_can
 .text.HAL_ADC_MspInit
                0x08002d18       0x14 objdir/stm32f3_hal_seccan.o
                0x08002d18                HAL_ADC_MspInit
 .text.init_adc
                0x08002d2c      0x120 objdir/stm32f3_hal_seccan.o
                0x08002d2c                init_adc
 .text.read_adc
                0x08002e4c       0x3c objdir/stm32f3_hal_seccan.o
                0x08002e4c                read_adc
 .text.HAL_ADC_Init
                0x08002e88      0x3bc objdir/stm32f3xx_hal_adc_ex.o
                0x08002e88                HAL_ADC_Init
 .text.HAL_ADC_Start
                0x08003244      0x22c objdir/stm32f3xx_hal_adc_ex.o
                0x08003244                HAL_ADC_Start
 .text.HAL_ADC_PollForConversion
                0x08003470      0x1f4 objdir/stm32f3xx_hal_adc_ex.o
                0x08003470                HAL_ADC_PollForConversion
 .text.HAL_ADC_GetValue
                0x08003664       0x1a objdir/stm32f3xx_hal_adc_ex.o
                0x08003664                HAL_ADC_GetValue
 *fill*         0x0800367e        0x2 
 .text.HAL_ADC_ConfigChannel
                0x08003680      0x5d8 objdir/stm32f3xx_hal_adc_ex.o
                0x08003680                HAL_ADC_ConfigChannel
 .text.ADC_Enable
                0x08003c58       0xbc objdir/stm32f3xx_hal_adc_ex.o
 .text.ADC_Disable
                0x08003d14       0xbe objdir/stm32f3xx_hal_adc_ex.o
 .text.HAL_CAN_Init
                0x08003dd2      0x22a objdir/stm32f3xx_hal_can.o
                0x08003dd2                HAL_CAN_Init
 .text.HAL_CAN_ConfigFilter
                0x08003ffc      0x19e objdir/stm32f3xx_hal_can.o
                0x08003ffc                HAL_CAN_ConfigFilter
 .text.HAL_CAN_DeInit
                0x0800419a       0x3a objdir/stm32f3xx_hal_can.o
                0x0800419a                HAL_CAN_DeInit
 .text.HAL_CAN_MspInit
                0x080041d4       0x14 objdir/stm32f3xx_hal_can.o
                0x080041d4                HAL_CAN_MspInit
 .text.HAL_CAN_MspDeInit
                0x080041e8       0x14 objdir/stm32f3xx_hal_can.o
                0x080041e8                HAL_CAN_MspDeInit
 .text.HAL_CAN_Transmit
                0x080041fc      0x338 objdir/stm32f3xx_hal_can.o
                0x080041fc                HAL_CAN_Transmit
 .text.aes_indep_init
                0x08004534       0x14 objdir/aes-independant.o
                0x08004534                aes_indep_init
 .text.aes_indep_key
                0x08004548       0x20 objdir/aes-independant.o
                0x08004548                aes_indep_key
 .text.aes_indep_enc
                0x08004568       0x20 objdir/aes-independant.o
                0x08004568                aes_indep_enc
 .text.aes_gen_tables
                0x08004588      0x378 objdir/aes.o
 .text.mbedtls_aes_init
                0x08004900       0x1c objdir/aes.o
                0x08004900                mbedtls_aes_init
 .text.mbedtls_aes_setkey_enc
                0x0800491c      0x3ac objdir/aes.o
                0x0800491c                mbedtls_aes_setkey_enc
 .text.mbedtls_internal_aes_encrypt
                0x08004cc8      0x5c8 objdir/aes.o
                0x08004cc8                mbedtls_internal_aes_encrypt
 .text.mbedtls_internal_aes_decrypt
                0x08005290      0x5c8 objdir/aes.o
                0x08005290                mbedtls_internal_aes_decrypt
 .text.mbedtls_aes_crypt_ecb
                0x08005858       0x36 objdir/aes.o
                0x08005858                mbedtls_aes_crypt_ecb
 *fill*         0x0800588e        0x2 
 .text.Reset_Handler
                0x08005890       0x48 objdir/stm32f3_startup.o
                0x08005890                Reset_Handler
 .text.Default_Handler
                0x080058d8        0x2 objdir/stm32f3_startup.o
                0x080058d8                DebugMon_Handler
                0x080058d8                HardFault_Handler
                0x080058d8                SysTick_Handler
                0x080058d8                PendSV_Handler
                0x080058d8                NMI_Handler
                0x080058d8                UsageFault_Handler
                0x080058d8                Default_Handler
                0x080058d8                MemManage_Handler
                0x080058d8                SVC_Handler
                0x080058d8                BusFault_Handler
 *fill*         0x080058da        0x2 
 .text.__libc_init_array
                0x080058dc       0x48 c:/program files (x86)/gnu tools arm embedded/7 2017-q4-major/bin/../lib/gcc/arm-none-eabi/7.2.1/../../../../arm-none-eabi/lib/thumb/v7e-m/fpv4-sp/hard\libg.a(lib_a-init.o)
                0x080058dc                __libc_init_array
 .text.memset   0x08005924       0x94 c:/program files (x86)/gnu tools arm embedded/7 2017-q4-major/bin/../lib/gcc/arm-none-eabi/7.2.1/../../../../arm-none-eabi/lib/thumb/v7e-m/fpv4-sp/hard\libg.a(lib_a-memset.o)
                0x08005924                memset
 .text.startup.register_fini
                0x080059b8       0x14 c:/program files (x86)/gnu tools arm embedded/7 2017-q4-major/bin/../lib/gcc/arm-none-eabi/7.2.1/../../../../arm-none-eabi/lib/thumb/v7e-m/fpv4-sp/hard\libg.a(lib_a-__call_atexit.o)
 .text.atexit   0x080059cc        0xc c:/program files (x86)/gnu tools arm embedded/7 2017-q4-major/bin/../lib/gcc/arm-none-eabi/7.2.1/../../../../arm-none-eabi/lib/thumb/v7e-m/fpv4-sp/hard\libg.a(lib_a-atexit.o)
                0x080059cc                atexit
 .text.__libc_fini_array
                0x080059d8       0x34 c:/program files (x86)/gnu tools arm embedded/7 2017-q4-major/bin/../lib/gcc/arm-none-eabi/7.2.1/../../../../arm-none-eabi/lib/thumb/v7e-m/fpv4-sp/hard\libg.a(lib_a-fini.o)
                0x080059d8                __libc_fini_array
 .text.__retarget_lock_acquire_recursive
                0x08005a0c        0x4 c:/program files (x86)/gnu tools arm embedded/7 2017-q4-major/bin/../lib/gcc/arm-none-eabi/7.2.1/../../../../arm-none-eabi/lib/thumb/v7e-m/fpv4-sp/hard\libg.a(lib_a-lock.o)
                0x08005a0c                __retarget_lock_acquire_recursive
 .text.__retarget_lock_release_recursive
                0x08005a10        0x4 c:/program files (x86)/gnu tools arm embedded/7 2017-q4-major/bin/../lib/gcc/arm-none-eabi/7.2.1/../../../../arm-none-eabi/lib/thumb/v7e-m/fpv4-sp/hard\libg.a(lib_a-lock.o)
                0x08005a10                __retarget_lock_release_recursive
 .text.__register_exitproc
                0x08005a14       0xc0 c:/program files (x86)/gnu tools arm embedded/7 2017-q4-major/bin/../lib/gcc/arm-none-eabi/7.2.1/../../../../arm-none-eabi/lib/thumb/v7e-m/fpv4-sp/hard\libg.a(lib_a-__atexit.o)
                0x08005a14                __register_exitproc
 *(.glue_7)
 .glue_7        0x08005ad4        0x0 linker stubs
 *(.glue_7t)
 .glue_7t       0x08005ad4        0x0 linker stubs
 *(.eh_frame)
 .eh_frame      0x08005ad4        0x0 c:/program files (x86)/gnu tools arm embedded/7 2017-q4-major/bin/../lib/gcc/arm-none-eabi/7.2.1/thumb/v7e-m/fpv4-sp/hard/crtbegin.o
 *(.init)
 .init          0x08005ad4        0x4 c:/program files (x86)/gnu tools arm embedded/7 2017-q4-major/bin/../lib/gcc/arm-none-eabi/7.2.1/thumb/v7e-m/fpv4-sp/hard/crti.o
                0x08005ad4                _init
 .init          0x08005ad8        0x8 c:/program files (x86)/gnu tools arm embedded/7 2017-q4-major/bin/../lib/gcc/arm-none-eabi/7.2.1/thumb/v7e-m/fpv4-sp/hard/crtn.o
 *(.fini)
 .fini          0x08005ae0        0x4 c:/program files (x86)/gnu tools arm embedded/7 2017-q4-major/bin/../lib/gcc/arm-none-eabi/7.2.1/thumb/v7e-m/fpv4-sp/hard/crti.o
                0x08005ae0                _fini
 .fini          0x08005ae4        0x8 c:/program files (x86)/gnu tools arm embedded/7 2017-q4-major/bin/../lib/gcc/arm-none-eabi/7.2.1/thumb/v7e-m/fpv4-sp/hard/crtn.o
                0x08005aec                . = ALIGN (0x4)
                0x08005aec                _etext = .

.vfp11_veneer   0x08005aec        0x0
 .vfp11_veneer  0x08005aec        0x0 linker stubs

.v4_bx          0x08005aec        0x0
 .v4_bx         0x08005aec        0x0 linker stubs

.iplt           0x08005aec        0x0
 .iplt          0x08005aec        0x0 c:/program files (x86)/gnu tools arm embedded/7 2017-q4-major/bin/../lib/gcc/arm-none-eabi/7.2.1/thumb/v7e-m/fpv4-sp/hard/crtbegin.o

.rodata         0x08005aec       0x28
                0x08005aec                . = ALIGN (0x4)
 *(.rodata)
 .rodata        0x08005aec        0xc objdir/secure-can.o
 .rodata        0x08005af8       0x18 objdir/stm32f3_hal_lowlevel.o
                0x08005af8                AHBPrescTable
                0x08005b08                APBPrescTable
 *(.rodata*)
 .rodata._global_impure_ptr
                0x08005b10        0x4 c:/program files (x86)/gnu tools arm embedded/7 2017-q4-major/bin/../lib/gcc/arm-none-eabi/7.2.1/../../../../arm-none-eabi/lib/thumb/v7e-m/fpv4-sp/hard\libg.a(lib_a-impure.o)
                0x08005b10                _global_impure_ptr
                0x08005b14                . = ALIGN (0x4)

.rel.dyn        0x08005b14        0x0
 .rel.iplt      0x08005b14        0x0 c:/program files (x86)/gnu tools arm embedded/7 2017-q4-major/bin/../lib/gcc/arm-none-eabi/7.2.1/thumb/v7e-m/fpv4-sp/hard/crtbegin.o

.ARM.extab      0x08005b14        0x0
                0x08005b14                . = ALIGN (0x4)
 *(.ARM.extab* .gnu.linkonce.armextab.*)
                0x08005b14                . = ALIGN (0x4)

.ARM            0x08005b14        0x0
                0x08005b14                . = ALIGN (0x4)
                0x08005b14                __exidx_start = .
 *(.ARM.exidx*)
                0x08005b14                __exidx_end = .
                0x08005b14                . = ALIGN (0x4)

.preinit_array  0x08005b14        0x0
                0x08005b14                . = ALIGN (0x4)
                0x08005b14                PROVIDE (__preinit_array_start, .)
 *(.preinit_array*)
                0x08005b14                PROVIDE (__preinit_array_end, .)
                0x08005b14                . = ALIGN (0x4)

.init_array     0x08005b14        0x8
                0x08005b14                . = ALIGN (0x4)
                0x08005b14                PROVIDE (__init_array_start, .)
 *(SORT_BY_NAME(.init_array.*))
 .init_array.00000
                0x08005b14        0x4 c:/program files (x86)/gnu tools arm embedded/7 2017-q4-major/bin/../lib/gcc/arm-none-eabi/7.2.1/../../../../arm-none-eabi/lib/thumb/v7e-m/fpv4-sp/hard\libg.a(lib_a-__call_atexit.o)
 *(.init_array*)
 .init_array    0x08005b18        0x4 c:/program files (x86)/gnu tools arm embedded/7 2017-q4-major/bin/../lib/gcc/arm-none-eabi/7.2.1/thumb/v7e-m/fpv4-sp/hard/crtbegin.o
                0x08005b1c                PROVIDE (__init_array_end, .)
                0x08005b1c                . = ALIGN (0x4)

.fini_array     0x08005b1c        0x4
                0x08005b1c                . = ALIGN (0x4)
                0x08005b1c                PROVIDE (__fini_array_start, .)
 *(SORT_BY_NAME(.fini_array.*))
 *(.fini_array*)
 .fini_array    0x08005b1c        0x4 c:/program files (x86)/gnu tools arm embedded/7 2017-q4-major/bin/../lib/gcc/arm-none-eabi/7.2.1/thumb/v7e-m/fpv4-sp/hard/crtbegin.o
                0x08005b20                PROVIDE (__fini_array_end, .)
                0x08005b20                . = ALIGN (0x4)
                0x08005b20                _sidata = LOADADDR (.data)

.data           0x20000000      0x464 load address 0x08005b20
                0x20000000                . = ALIGN (0x4)
                0x20000000                _sdata = .
 *(.data)
 .data          0x20000000       0x30 objdir/seccan.o
                0x20000000                Kenc
                0x20000010                Kauth
                0x20000020                IV
 .data          0x20000030        0x4 objdir/stm32f3_hal_lowlevel.o
                0x20000030                SystemCoreClock
 *(.data*)
 *fill*         0x20000034        0x4 
 .data.impure_data
                0x20000038      0x428 c:/program files (x86)/gnu tools arm embedded/7 2017-q4-major/bin/../lib/gcc/arm-none-eabi/7.2.1/../../../../arm-none-eabi/lib/thumb/v7e-m/fpv4-sp/hard\libg.a(lib_a-impure.o)
 .data.__atexit_recursive_mutex
                0x20000460        0x4 c:/program files (x86)/gnu tools arm embedded/7 2017-q4-major/bin/../lib/gcc/arm-none-eabi/7.2.1/../../../../arm-none-eabi/lib/thumb/v7e-m/fpv4-sp/hard\libg.a(lib_a-__call_atexit.o)
                0x20000460                __atexit_recursive_mutex
                0x20000464                . = ALIGN (0x4)
                0x20000464                _edata = .

.igot.plt       0x20000464        0x0 load address 0x08005f84
 .igot.plt      0x20000464        0x0 c:/program files (x86)/gnu tools arm embedded/7 2017-q4-major/bin/../lib/gcc/arm-none-eabi/7.2.1/thumb/v7e-m/fpv4-sp/hard/crtbegin.o
                0x20000464                . = ALIGN (0x4)

.bss            0x20000464     0x252c load address 0x08005f84
                0x20000464                _sbss = .
                0x20000464                __bss_start__ = _sbss
 *(.bss)
 .bss           0x20000464       0x1c c:/program files (x86)/gnu tools arm embedded/7 2017-q4-major/bin/../lib/gcc/arm-none-eabi/7.2.1/thumb/v7e-m/fpv4-sp/hard/crtbegin.o
 .bss           0x20000480        0x8 objdir/stm32f3_hal_lowlevel.o
                0x20000480                hal_sys_tick
                0x20000484                uwTick
 .bss           0x20000488      0x130 objdir/stm32f3_hal_seccan.o
 .bss           0x200005b8     0x222c objdir/aes.o
 *(.bss*)
 *(COMMON)
 COMMON         0x200027e4       0x70 objdir/stm32f3_hal.o
                0x200027e4                UartHandle
 COMMON         0x20002854      0x118 objdir/aes-independant.o
                0x20002854                ctx
 COMMON         0x2000296c       0x21 c:/program files (x86)/gnu tools arm embedded/7 2017-q4-major/bin/../lib/gcc/arm-none-eabi/7.2.1/../../../../arm-none-eabi/lib/thumb/v7e-m/fpv4-sp/hard\libg.a(lib_a-lock.o)
                0x2000296c                __lock___atexit_recursive_mutex
                0x20002970                __lock___arc4random_mutex
                0x20002974                __lock___env_recursive_mutex
                0x20002978                __lock___sinit_recursive_mutex
                0x2000297c                __lock___malloc_recursive_mutex
                0x20002980                __lock___at_quick_exit_mutex
                0x20002984                __lock___dd_hash_mutex
                0x20002988                __lock___tz_mutex
                0x2000298c                __lock___sfp_recursive_mutex
                0x20002990                . = ALIGN (0x4)
 *fill*         0x2000298d        0x3 
                0x20002990                _ebss = .
                0x20002990                __bss_end__ = _ebss

._user_heap_stack
                0x20002990      0x400 load address 0x08005f84
                0x20002990                . = ALIGN (0x8)
                0x20002990                PROVIDE (end, .)
                [!provide]                PROVIDE (_end, .)
                0x20002990                . = (. + _Min_Heap_Size)
                0x20002d90                . = (. + _Min_Stack_Size)
 *fill*         0x20002990      0x400 
                0x20002d90                . = ALIGN (0x8)

/DISCARD/
 libc.a(*)
 libm.a(*)
 libgcc.a(*)

.ARM.attributes
                0x00000000       0x30
 *(.ARM.attributes)
 .ARM.attributes
                0x00000000       0x22 c:/program files (x86)/gnu tools arm embedded/7 2017-q4-major/bin/../lib/gcc/arm-none-eabi/7.2.1/thumb/v7e-m/fpv4-sp/hard/crti.o
 .ARM.attributes
                0x00000022       0x34 c:/program files (x86)/gnu tools arm embedded/7 2017-q4-major/bin/../lib/gcc/arm-none-eabi/7.2.1/thumb/v7e-m/fpv4-sp/hard/crtbegin.o
 .ARM.attributes
                0x00000056       0x39 objdir/secure-can.o
 .ARM.attributes
                0x0000008f       0x39 objdir/seccan.o
 .ARM.attributes
                0x000000c8       0x39 objdir/stm32f3_hal.o
 .ARM.attributes
                0x00000101       0x39 objdir/stm32f3_hal_lowlevel.o
 .ARM.attributes
                0x0000013a       0x39 objdir/stm32f3_hal_seccan.o
 .ARM.attributes
                0x00000173       0x39 objdir/stm32f3xx_hal_adc_ex.o
 .ARM.attributes
                0x000001ac       0x39 objdir/stm32f3xx_hal_can.o
 .ARM.attributes
                0x000001e5       0x39 objdir/aes-independant.o
 .ARM.attributes
                0x0000021e       0x39 objdir/aes.o
 .ARM.attributes
                0x00000257       0x25 objdir/stm32f3_startup.o
 .ARM.attributes
                0x0000027c       0x22 c:/program files (x86)/gnu tools arm embedded/7 2017-q4-major/bin/../lib/gcc/arm-none-eabi/7.2.1/thumb/v7e-m/fpv4-sp/hard\libgcc.a(_arm_addsubdf3.o)
 .ARM.attributes
                0x0000029e       0x22 c:/program files (x86)/gnu tools arm embedded/7 2017-q4-major/bin/../lib/gcc/arm-none-eabi/7.2.1/thumb/v7e-m/fpv4-sp/hard\libgcc.a(_arm_muldivdf3.o)
 .ARM.attributes
                0x000002c0       0x22 c:/program files (x86)/gnu tools arm embedded/7 2017-q4-major/bin/../lib/gcc/arm-none-eabi/7.2.1/thumb/v7e-m/fpv4-sp/hard\libgcc.a(_arm_cmpdf2.o)
 .ARM.attributes
                0x000002e2       0x22 c:/program files (x86)/gnu tools arm embedded/7 2017-q4-major/bin/../lib/gcc/arm-none-eabi/7.2.1/thumb/v7e-m/fpv4-sp/hard\libgcc.a(_arm_fixunsdfsi.o)
 .ARM.attributes
                0x00000304       0x34 c:/program files (x86)/gnu tools arm embedded/7 2017-q4-major/bin/../lib/gcc/arm-none-eabi/7.2.1/../../../../arm-none-eabi/lib/thumb/v7e-m/fpv4-sp/hard\libg.a(lib_a-impure.o)
 .ARM.attributes
                0x00000338       0x34 c:/program files (x86)/gnu tools arm embedded/7 2017-q4-major/bin/../lib/gcc/arm-none-eabi/7.2.1/../../../../arm-none-eabi/lib/thumb/v7e-m/fpv4-sp/hard\libg.a(lib_a-init.o)
 .ARM.attributes
                0x0000036c       0x20 c:/program files (x86)/gnu tools arm embedded/7 2017-q4-major/bin/../lib/gcc/arm-none-eabi/7.2.1/../../../../arm-none-eabi/lib/thumb/v7e-m/fpv4-sp/hard\libg.a(lib_a-memcpy.o)
 .ARM.attributes
                0x0000038c       0x34 c:/program files (x86)/gnu tools arm embedded/7 2017-q4-major/bin/../lib/gcc/arm-none-eabi/7.2.1/../../../../arm-none-eabi/lib/thumb/v7e-m/fpv4-sp/hard\libg.a(lib_a-memset.o)
 .ARM.attributes
                0x000003c0       0x34 c:/program files (x86)/gnu tools arm embedded/7 2017-q4-major/bin/../lib/gcc/arm-none-eabi/7.2.1/../../../../arm-none-eabi/lib/thumb/v7e-m/fpv4-sp/hard\libg.a(lib_a-__call_atexit.o)
 .ARM.attributes
                0x000003f4       0x34 c:/program files (x86)/gnu tools arm embedded/7 2017-q4-major/bin/../lib/gcc/arm-none-eabi/7.2.1/../../../../arm-none-eabi/lib/thumb/v7e-m/fpv4-sp/hard\libg.a(lib_a-atexit.o)
 .ARM.attributes
                0x00000428       0x34 c:/program files (x86)/gnu tools arm embedded/7 2017-q4-major/bin/../lib/gcc/arm-none-eabi/7.2.1/../../../../arm-none-eabi/lib/thumb/v7e-m/fpv4-sp/hard\libg.a(lib_a-fini.o)
 .ARM.attributes
                0x0000045c       0x34 c:/program files (x86)/gnu tools arm embedded/7 2017-q4-major/bin/../lib/gcc/arm-none-eabi/7.2.1/../../../../arm-none-eabi/lib/thumb/v7e-m/fpv4-sp/hard\libg.a(lib_a-lock.o)
 .ARM.attributes
                0x00000490       0x34 c:/program files (x86)/gnu tools arm embedded/7 2017-q4-major/bin/../lib/gcc/arm-none-eabi/7.2.1/../../../../arm-none-eabi/lib/thumb/v7e-m/fpv4-sp/hard\libg.a(lib_a-__atexit.o)
 .ARM.attributes
                0x000004c4       0x22 c:/program files (x86)/gnu tools arm embedded/7 2017-q4-major/bin/../lib/gcc/arm-none-eabi/7.2.1/thumb/v7e-m/fpv4-sp/hard/crtn.o
OUTPUT(throttle/throttle-CW308_STM32F3.elf elf32-littlearm)

.debug_info     0x00000000     0xc575
 .debug_info    0x00000000      0xc05 objdir/secure-can.o
 .debug_info    0x00000c05      0xb41 objdir/seccan.o
 .debug_info    0x00001746     0x1486 objdir/stm32f3_hal.o
 .debug_info    0x00002bcc     0x2ef4 objdir/stm32f3_hal_lowlevel.o
 .debug_info    0x00005ac0     0x1fc2 objdir/stm32f3_hal_seccan.o
 .debug_info    0x00007a82     0x1fdb objdir/stm32f3xx_hal_adc_ex.o
 .debug_info    0x00009a5d     0x14ae objdir/stm32f3xx_hal_can.o
 .debug_info    0x0000af0b      0x16e objdir/aes-independant.o
 .debug_info    0x0000b079     0x14fc objdir/aes.o

.debug_abbrev   0x00000000     0x1582
 .debug_abbrev  0x00000000      0x248 objdir/secure-can.o
 .debug_abbrev  0x00000248      0x1e5 objdir/seccan.o
 .debug_abbrev  0x0000042d      0x264 objdir/stm32f3_hal.o
 .debug_abbrev  0x00000691      0x3d4 objdir/stm32f3_hal_lowlevel.o
 .debug_abbrev  0x00000a65      0x2cb objdir/stm32f3_hal_seccan.o
 .debug_abbrev  0x00000d30      0x282 objdir/stm32f3xx_hal_adc_ex.o
 .debug_abbrev  0x00000fb2      0x295 objdir/stm32f3xx_hal_can.o
 .debug_abbrev  0x00001247       0xc2 objdir/aes-independant.o
 .debug_abbrev  0x00001309      0x279 objdir/aes.o

.debug_loc      0x00000000     0x275a
 .debug_loc     0x00000000      0x214 objdir/secure-can.o
 .debug_loc     0x00000214       0xa0 objdir/seccan.o
 .debug_loc     0x000002b4      0x1ea objdir/stm32f3_hal.o
 .debug_loc     0x0000049e      0x638 objdir/stm32f3_hal_lowlevel.o
 .debug_loc     0x00000ad6      0x2ec objdir/stm32f3_hal_seccan.o
 .debug_loc     0x00000dc2      0xdcc objdir/stm32f3xx_hal_adc_ex.o
 .debug_loc     0x00001b8e      0x668 objdir/stm32f3xx_hal_can.o
 .debug_loc     0x000021f6       0xcc objdir/aes-independant.o
 .debug_loc     0x000022c2      0x498 objdir/aes.o

.debug_aranges  0x00000000      0x4b8
 .debug_aranges
                0x00000000       0x58 objdir/secure-can.o
 .debug_aranges
                0x00000058       0x28 objdir/seccan.o
 .debug_aranges
                0x00000080       0x50 objdir/stm32f3_hal.o
 .debug_aranges
                0x000000d0       0xb8 objdir/stm32f3_hal_lowlevel.o
 .debug_aranges
                0x00000188       0x60 objdir/stm32f3_hal_seccan.o
 .debug_aranges
                0x000001e8      0x168 objdir/stm32f3xx_hal_adc_ex.o
 .debug_aranges
                0x00000350       0xb0 objdir/stm32f3xx_hal_can.o
 .debug_aranges
                0x00000400       0x30 objdir/aes-independant.o
 .debug_aranges
                0x00000430       0x88 objdir/aes.o

.debug_ranges   0x00000000      0x428
 .debug_ranges  0x00000000       0x48 objdir/secure-can.o
 .debug_ranges  0x00000048       0x18 objdir/seccan.o
 .debug_ranges  0x00000060       0x40 objdir/stm32f3_hal.o
 .debug_ranges  0x000000a0       0xa8 objdir/stm32f3_hal_lowlevel.o
 .debug_ranges  0x00000148       0x50 objdir/stm32f3_hal_seccan.o
 .debug_ranges  0x00000198      0x158 objdir/stm32f3xx_hal_adc_ex.o
 .debug_ranges  0x000002f0       0xa0 objdir/stm32f3xx_hal_can.o
 .debug_ranges  0x00000390       0x20 objdir/aes-independant.o
 .debug_ranges  0x000003b0       0x78 objdir/aes.o

.debug_line     0x00000000     0x3ee8
 .debug_line    0x00000000      0x26b objdir/secure-can.o
 .debug_line    0x0000026b      0x250 objdir/seccan.o
 .debug_line    0x000004bb      0x333 objdir/stm32f3_hal.o
 .debug_line    0x000007ee      0xc60 objdir/stm32f3_hal_lowlevel.o
 .debug_line    0x0000144e      0x479 objdir/stm32f3_hal_seccan.o
 .debug_line    0x000018c7     0x1560 objdir/stm32f3xx_hal_adc_ex.o
 .debug_line    0x00002e27      0x666 objdir/stm32f3xx_hal_can.o
 .debug_line    0x0000348d      0x177 objdir/aes-independant.o
 .debug_line    0x00003604      0x8e4 objdir/aes.o

.debug_str      0x00000000     0x2aea
 .debug_str     0x00000000      0x627 objdir/secure-can.o
                                0x6b1 (size before relaxing)
 .debug_str     0x00000627       0x46 objdir/seccan.o
                                0x647 (size before relaxing)
 .debug_str     0x0000066d      0x6b4 objdir/stm32f3_hal.o
                                0xcc9 (size before relaxing)
 .debug_str     0x00000d21      0x935 objdir/stm32f3_hal_lowlevel.o
                               0x15c6 (size before relaxing)
 .debug_str     0x00001656      0x8a1 objdir/stm32f3_hal_seccan.o
                               0x1268 (size before relaxing)
 .debug_str     0x00001ef7      0x76f objdir/stm32f3xx_hal_adc_ex.o
                               0x1273 (size before relaxing)
 .debug_str     0x00002666      0x176 objdir/stm32f3xx_hal_can.o
                                0xb55 (size before relaxing)
 .debug_str     0x000027dc       0x5d objdir/aes-independant.o
                                0x23a (size before relaxing)
 .debug_str     0x00002839      0x2b1 objdir/aes.o
                                0x8a5 (size before relaxing)

.comment        0x00000000       0x7e
 .comment       0x00000000       0x7e objdir/secure-can.o
                                 0x7f (size before relaxing)
 .comment       0x0000007e       0x7f objdir/seccan.o
 .comment       0x0000007e       0x7f objdir/stm32f3_hal.o
 .comment       0x0000007e       0x7f objdir/stm32f3_hal_lowlevel.o
 .comment       0x0000007e       0x7f objdir/stm32f3_hal_seccan.o
 .comment       0x0000007e       0x7f objdir/stm32f3xx_hal_adc_ex.o
 .comment       0x0000007e       0x7f objdir/stm32f3xx_hal_can.o
 .comment       0x0000007e       0x7f objdir/aes-independant.o
 .comment       0x0000007e       0x7f objdir/aes.o

.debug_frame    0x00000000     0x179c
 .debug_frame   0x00000000      0x12c objdir/secure-can.o
 .debug_frame   0x0000012c       0x60 objdir/seccan.o
 .debug_frame   0x0000018c      0x110 objdir/stm32f3_hal.o
 .debug_frame   0x0000029c      0x31c objdir/stm32f3_hal_lowlevel.o
 .debug_frame   0x000005b8      0x178 objdir/stm32f3_hal_seccan.o
 .debug_frame   0x00000730      0x6ac objdir/stm32f3xx_hal_adc_ex.o
 .debug_frame   0x00000ddc      0x30c objdir/stm32f3xx_hal_can.o
 .debug_frame   0x000010e8       0x7c objdir/aes-independant.o
 .debug_frame   0x00001164      0x25c objdir/aes.o
 .debug_frame   0x000013c0       0xac c:/program files (x86)/gnu tools arm embedded/7 2017-q4-major/bin/../lib/gcc/arm-none-eabi/7.2.1/thumb/v7e-m/fpv4-sp/hard\libgcc.a(_arm_addsubdf3.o)
 .debug_frame   0x0000146c       0x50 c:/program files (x86)/gnu tools arm embedded/7 2017-q4-major/bin/../lib/gcc/arm-none-eabi/7.2.1/thumb/v7e-m/fpv4-sp/hard\libgcc.a(_arm_muldivdf3.o)
 .debug_frame   0x000014bc       0xc4 c:/program files (x86)/gnu tools arm embedded/7 2017-q4-major/bin/../lib/gcc/arm-none-eabi/7.2.1/thumb/v7e-m/fpv4-sp/hard\libgcc.a(_arm_cmpdf2.o)
 .debug_frame   0x00001580       0x24 c:/program files (x86)/gnu tools arm embedded/7 2017-q4-major/bin/../lib/gcc/arm-none-eabi/7.2.1/thumb/v7e-m/fpv4-sp/hard\libgcc.a(_arm_fixunsdfsi.o)
 .debug_frame   0x000015a4       0x2c c:/program files (x86)/gnu tools arm embedded/7 2017-q4-major/bin/../lib/gcc/arm-none-eabi/7.2.1/../../../../arm-none-eabi/lib/thumb/v7e-m/fpv4-sp/hard\libg.a(lib_a-init.o)
 .debug_frame   0x000015d0       0x38 c:/program files (x86)/gnu tools arm embedded/7 2017-q4-major/bin/../lib/gcc/arm-none-eabi/7.2.1/../../../../arm-none-eabi/lib/thumb/v7e-m/fpv4-sp/hard\libg.a(lib_a-memset.o)
 .debug_frame   0x00001608       0x5c c:/program files (x86)/gnu tools arm embedded/7 2017-q4-major/bin/../lib/gcc/arm-none-eabi/7.2.1/../../../../arm-none-eabi/lib/thumb/v7e-m/fpv4-sp/hard\libg.a(lib_a-__call_atexit.o)
 .debug_frame   0x00001664       0x20 c:/program files (x86)/gnu tools arm embedded/7 2017-q4-major/bin/../lib/gcc/arm-none-eabi/7.2.1/../../../../arm-none-eabi/lib/thumb/v7e-m/fpv4-sp/hard\libg.a(lib_a-atexit.o)
 .debug_frame   0x00001684       0x34 c:/program files (x86)/gnu tools arm embedded/7 2017-q4-major/bin/../lib/gcc/arm-none-eabi/7.2.1/../../../../arm-none-eabi/lib/thumb/v7e-m/fpv4-sp/hard\libg.a(lib_a-fini.o)
 .debug_frame   0x000016b8       0xb0 c:/program files (x86)/gnu tools arm embedded/7 2017-q4-major/bin/../lib/gcc/arm-none-eabi/7.2.1/../../../../arm-none-eabi/lib/thumb/v7e-m/fpv4-sp/hard\libg.a(lib_a-lock.o)
 .debug_frame   0x00001768       0x34 c:/program files (x86)/gnu tools arm embedded/7 2017-q4-major/bin/../lib/gcc/arm-none-eabi/7.2.1/../../../../arm-none-eabi/lib/thumb/v7e-m/fpv4-sp/hard\libg.a(lib_a-__atexit.o)

.stab           0x00000000      0x144
 .stab          0x00000000      0x144 objdir/stm32f3_startup.o

.stabstr        0x00000000       0x50
 .stabstr       0x00000000       0x50 objdir/stm32f3_startup.o

Cross Reference Table

Symbol                                            File
AHBPrescTable                                     objdir/stm32f3_hal_lowlevel.o
APBPrescTable                                     objdir/stm32f3_hal_lowlevel.o
BusFault_Handler                                  objdir/stm32f3_startup.o
DebugMon_Handler                                  objdir/stm32f3_startup.o
Default_Handler                                   objdir/stm32f3_startup.o
HAL_ADCEx_Calibration_GetValue                    objdir/stm32f3xx_hal_adc_ex.o
HAL_ADCEx_Calibration_SetValue                    objdir/stm32f3xx_hal_adc_ex.o
HAL_ADCEx_Calibration_Start                       objdir/stm32f3xx_hal_adc_ex.o
HAL_ADCEx_InjectedConfigChannel                   objdir/stm32f3xx_hal_adc_ex.o
HAL_ADCEx_InjectedConvCpltCallback                objdir/stm32f3xx_hal_adc_ex.o
HAL_ADCEx_InjectedGetValue                        objdir/stm32f3xx_hal_adc_ex.o
HAL_ADCEx_InjectedPollForConversion               objdir/stm32f3xx_hal_adc_ex.o
HAL_ADCEx_InjectedQueueOverflowCallback           objdir/stm32f3xx_hal_adc_ex.o
HAL_ADCEx_InjectedStart                           objdir/stm32f3xx_hal_adc_ex.o
HAL_ADCEx_InjectedStart_IT                        objdir/stm32f3xx_hal_adc_ex.o
HAL_ADCEx_InjectedStop                            objdir/stm32f3xx_hal_adc_ex.o
HAL_ADCEx_InjectedStop_IT                         objdir/stm32f3xx_hal_adc_ex.o
HAL_ADCEx_LevelOutOfWindow2Callback               objdir/stm32f3xx_hal_adc_ex.o
HAL_ADCEx_LevelOutOfWindow3Callback               objdir/stm32f3xx_hal_adc_ex.o
HAL_ADCEx_MultiModeConfigChannel                  objdir/stm32f3xx_hal_adc_ex.o
HAL_ADCEx_MultiModeGetValue                       objdir/stm32f3xx_hal_adc_ex.o
HAL_ADCEx_MultiModeStart_DMA                      objdir/stm32f3xx_hal_adc_ex.o
HAL_ADCEx_MultiModeStop_DMA                       objdir/stm32f3xx_hal_adc_ex.o
HAL_ADCEx_RegularMultiModeStop_DMA                objdir/stm32f3xx_hal_adc_ex.o
HAL_ADCEx_RegularStop                             objdir/stm32f3xx_hal_adc_ex.o
HAL_ADCEx_RegularStop_DMA                         objdir/stm32f3xx_hal_adc_ex.o
HAL_ADCEx_RegularStop_IT                          objdir/stm32f3xx_hal_adc_ex.o
HAL_ADC_AnalogWDGConfig                           objdir/stm32f3xx_hal_adc_ex.o
HAL_ADC_ConfigChannel                             objdir/stm32f3xx_hal_adc_ex.o
                                                  objdir/stm32f3_hal_seccan.o
HAL_ADC_ConvCpltCallback                          objdir/stm32f3xx_hal_adc_ex.o
HAL_ADC_ConvHalfCpltCallback                      objdir/stm32f3xx_hal_adc_ex.o
HAL_ADC_DeInit                                    objdir/stm32f3xx_hal_adc_ex.o
HAL_ADC_ErrorCallback                             objdir/stm32f3xx_hal_adc_ex.o
HAL_ADC_GetValue                                  objdir/stm32f3xx_hal_adc_ex.o
                                                  objdir/stm32f3_hal_seccan.o
HAL_ADC_IRQHandler                                objdir/stm32f3xx_hal_adc_ex.o
HAL_ADC_Init                                      objdir/stm32f3xx_hal_adc_ex.o
                                                  objdir/stm32f3_hal_seccan.o
HAL_ADC_LevelOutOfWindowCallback                  objdir/stm32f3xx_hal_adc_ex.o
HAL_ADC_MspDeInit                                 objdir/stm32f3xx_hal_adc_ex.o
HAL_ADC_MspInit                                   objdir/stm32f3_hal_seccan.o
                                                  objdir/stm32f3xx_hal_adc_ex.o
HAL_ADC_PollForConversion                         objdir/stm32f3xx_hal_adc_ex.o
                                                  objdir/stm32f3_hal_seccan.o
HAL_ADC_PollForEvent                              objdir/stm32f3xx_hal_adc_ex.o
HAL_ADC_Start                                     objdir/stm32f3xx_hal_adc_ex.o
                                                  objdir/stm32f3_hal_seccan.o
HAL_ADC_Start_DMA                                 objdir/stm32f3xx_hal_adc_ex.o
HAL_ADC_Start_IT                                  objdir/stm32f3xx_hal_adc_ex.o
HAL_ADC_Stop                                      objdir/stm32f3xx_hal_adc_ex.o
HAL_ADC_Stop_DMA                                  objdir/stm32f3xx_hal_adc_ex.o
HAL_ADC_Stop_IT                                   objdir/stm32f3xx_hal_adc_ex.o
HAL_CAN_ConfigFilter                              objdir/stm32f3xx_hal_can.o
                                                  objdir/stm32f3_hal_seccan.o
HAL_CAN_DeInit                                    objdir/stm32f3xx_hal_can.o
                                                  objdir/stm32f3_hal_seccan.o
HAL_CAN_ErrorCallback                             objdir/stm32f3xx_hal_can.o
HAL_CAN_GetError                                  objdir/stm32f3xx_hal_can.o
HAL_CAN_GetState                                  objdir/stm32f3xx_hal_can.o
HAL_CAN_IRQHandler                                objdir/stm32f3xx_hal_can.o
HAL_CAN_Init                                      objdir/stm32f3xx_hal_can.o
                                                  objdir/stm32f3_hal_seccan.o
HAL_CAN_MspDeInit                                 objdir/stm32f3xx_hal_can.o
HAL_CAN_MspInit                                   objdir/stm32f3xx_hal_can.o
HAL_CAN_Receive                                   objdir/stm32f3xx_hal_can.o
                                                  objdir/stm32f3_hal_seccan.o
HAL_CAN_Receive_IT                                objdir/stm32f3xx_hal_can.o
HAL_CAN_RxCpltCallback                            objdir/stm32f3xx_hal_can.o
HAL_CAN_Sleep                                     objdir/stm32f3xx_hal_can.o
HAL_CAN_Transmit                                  objdir/stm32f3xx_hal_can.o
                                                  objdir/stm32f3_hal_seccan.o
HAL_CAN_Transmit_IT                               objdir/stm32f3xx_hal_can.o
HAL_CAN_TxCpltCallback                            objdir/stm32f3xx_hal_can.o
HAL_CAN_WakeUp                                    objdir/stm32f3xx_hal_can.o
HAL_DMA_Abort                                     objdir/stm32f3xx_hal_tim.o
                                                  objdir/stm32f3xx_hal_adc_ex.o
HAL_DMA_Start_IT                                  objdir/stm32f3xx_hal_tim.o
                                                  objdir/stm32f3xx_hal_adc_ex.o
HAL_GPIO_Init                                     objdir/stm32f3_hal_lowlevel.o
                                                  objdir/stm32f3_hal_seccan.o
                                                  objdir/stm32f3_hal.o
HAL_GPIO_WritePin                                 objdir/stm32f3_hal_lowlevel.o
                                                  objdir/stm32f3_hal.o
HAL_GetTick                                       objdir/stm32f3_hal_lowlevel.o
                                                  objdir/stm32f3xx_hal_can.o
                                                  objdir/stm32f3xx_hal_adc_ex.o
HAL_IncTick                                       objdir/stm32f3_hal_lowlevel.o
HAL_InitTick                                      objdir/stm32f3_hal_lowlevel.o
HAL_NVIC_SetPriority                              objdir/stm32f3_hal_lowlevel.o
HAL_RCC_ClockConfig                               objdir/stm32f3_hal_lowlevel.o
                                                  objdir/stm32f3_hal.o
HAL_RCC_GetPCLK1Freq                              objdir/stm32f3_hal_lowlevel.o
HAL_RCC_GetPCLK2Freq                              objdir/stm32f3_hal_lowlevel.o
HAL_RCC_GetSysClockFreq                           objdir/stm32f3_hal_lowlevel.o
HAL_RCC_OscConfig                                 objdir/stm32f3_hal_lowlevel.o
                                                  objdir/stm32f3_hal.o
HAL_TIMEx_Break2Callback                          objdir/stm32f3xx_hal_tim.o
HAL_TIMEx_BreakCallback                           objdir/stm32f3xx_hal_tim.o
HAL_TIMEx_CommutationCallback                     objdir/stm32f3xx_hal_tim.o
HAL_TIM_Base_DeInit                               objdir/stm32f3xx_hal_tim.o
HAL_TIM_Base_GetState                             objdir/stm32f3xx_hal_tim.o
HAL_TIM_Base_Init                                 objdir/stm32f3xx_hal_tim.o
HAL_TIM_Base_MspDeInit                            objdir/stm32f3xx_hal_tim.o
HAL_TIM_Base_MspInit                              objdir/stm32f3xx_hal_tim.o
HAL_TIM_Base_Start                                objdir/stm32f3xx_hal_tim.o
HAL_TIM_Base_Start_DMA                            objdir/stm32f3xx_hal_tim.o
HAL_TIM_Base_Start_IT                             objdir/stm32f3xx_hal_tim.o
HAL_TIM_Base_Stop                                 objdir/stm32f3xx_hal_tim.o
HAL_TIM_Base_Stop_DMA                             objdir/stm32f3xx_hal_tim.o
HAL_TIM_Base_Stop_IT                              objdir/stm32f3xx_hal_tim.o
HAL_TIM_ConfigClockSource                         objdir/stm32f3xx_hal_tim.o
HAL_TIM_ConfigOCrefClear                          objdir/stm32f3xx_hal_tim.o
HAL_TIM_ConfigTI1Input                            objdir/stm32f3xx_hal_tim.o
HAL_TIM_DMABurst_MultiReadStart                   objdir/stm32f3xx_hal_tim.o
HAL_TIM_DMABurst_MultiWriteStart                  objdir/stm32f3xx_hal_tim.o
HAL_TIM_DMABurst_ReadStart                        objdir/stm32f3xx_hal_tim.o
HAL_TIM_DMABurst_ReadStop                         objdir/stm32f3xx_hal_tim.o
HAL_TIM_DMABurst_WriteStart                       objdir/stm32f3xx_hal_tim.o
HAL_TIM_DMABurst_WriteStop                        objdir/stm32f3xx_hal_tim.o
HAL_TIM_Encoder_DeInit                            objdir/stm32f3xx_hal_tim.o
HAL_TIM_Encoder_GetState                          objdir/stm32f3xx_hal_tim.o
HAL_TIM_Encoder_Init                              objdir/stm32f3xx_hal_tim.o
HAL_TIM_Encoder_MspDeInit                         objdir/stm32f3xx_hal_tim.o
HAL_TIM_Encoder_MspInit                           objdir/stm32f3xx_hal_tim.o
HAL_TIM_Encoder_Start                             objdir/stm32f3xx_hal_tim.o
HAL_TIM_Encoder_Start_DMA                         objdir/stm32f3xx_hal_tim.o
HAL_TIM_Encoder_Start_IT                          objdir/stm32f3xx_hal_tim.o
HAL_TIM_Encoder_Stop                              objdir/stm32f3xx_hal_tim.o
HAL_TIM_Encoder_Stop_DMA                          objdir/stm32f3xx_hal_tim.o
HAL_TIM_Encoder_Stop_IT                           objdir/stm32f3xx_hal_tim.o
HAL_TIM_ErrorCallback                             objdir/stm32f3xx_hal_tim.o
HAL_TIM_GenerateEvent                             objdir/stm32f3xx_hal_tim.o
HAL_TIM_IC_CaptureCallback                        objdir/stm32f3xx_hal_tim.o
HAL_TIM_IC_ConfigChannel                          objdir/stm32f3xx_hal_tim.o
HAL_TIM_IC_DeInit                                 objdir/stm32f3xx_hal_tim.o
HAL_TIM_IC_GetState                               objdir/stm32f3xx_hal_tim.o
HAL_TIM_IC_Init                                   objdir/stm32f3xx_hal_tim.o
HAL_TIM_IC_MspDeInit                              objdir/stm32f3xx_hal_tim.o
HAL_TIM_IC_MspInit                                objdir/stm32f3xx_hal_tim.o
HAL_TIM_IC_Start                                  objdir/stm32f3xx_hal_tim.o
HAL_TIM_IC_Start_DMA                              objdir/stm32f3xx_hal_tim.o
HAL_TIM_IC_Start_IT                               objdir/stm32f3xx_hal_tim.o
HAL_TIM_IC_Stop                                   objdir/stm32f3xx_hal_tim.o
HAL_TIM_IC_Stop_DMA                               objdir/stm32f3xx_hal_tim.o
HAL_TIM_IC_Stop_IT                                objdir/stm32f3xx_hal_tim.o
HAL_TIM_IRQHandler                                objdir/stm32f3xx_hal_tim.o
HAL_TIM_OC_ConfigChannel                          objdir/stm32f3xx_hal_tim.o
HAL_TIM_OC_DeInit                                 objdir/stm32f3xx_hal_tim.o
HAL_TIM_OC_DelayElapsedCallback                   objdir/stm32f3xx_hal_tim.o
HAL_TIM_OC_GetState                               objdir/stm32f3xx_hal_tim.o
HAL_TIM_OC_Init                                   objdir/stm32f3xx_hal_tim.o
HAL_TIM_OC_MspDeInit                              objdir/stm32f3xx_hal_tim.o
HAL_TIM_OC_MspInit                                objdir/stm32f3xx_hal_tim.o
HAL_TIM_OC_Start                                  objdir/stm32f3xx_hal_tim.o
HAL_TIM_OC_Start_DMA                              objdir/stm32f3xx_hal_tim.o
HAL_TIM_OC_Start_IT                               objdir/stm32f3xx_hal_tim.o
HAL_TIM_OC_Stop                                   objdir/stm32f3xx_hal_tim.o
HAL_TIM_OC_Stop_DMA                               objdir/stm32f3xx_hal_tim.o
HAL_TIM_OC_Stop_IT                                objdir/stm32f3xx_hal_tim.o
HAL_TIM_OnePulse_ConfigChannel                    objdir/stm32f3xx_hal_tim.o
HAL_TIM_OnePulse_DeInit                           objdir/stm32f3xx_hal_tim.o
HAL_TIM_OnePulse_GetState                         objdir/stm32f3xx_hal_tim.o
HAL_TIM_OnePulse_Init                             objdir/stm32f3xx_hal_tim.o
HAL_TIM_OnePulse_MspDeInit                        objdir/stm32f3xx_hal_tim.o
HAL_TIM_OnePulse_MspInit                          objdir/stm32f3xx_hal_tim.o
HAL_TIM_OnePulse_Start                            objdir/stm32f3xx_hal_tim.o
HAL_TIM_OnePulse_Start_IT                         objdir/stm32f3xx_hal_tim.o
HAL_TIM_OnePulse_Stop                             objdir/stm32f3xx_hal_tim.o
HAL_TIM_OnePulse_Stop_IT                          objdir/stm32f3xx_hal_tim.o
HAL_TIM_PWM_ConfigChannel                         objdir/stm32f3xx_hal_tim.o
                                                  objdir/stm32f3_hal_seccan.o
HAL_TIM_PWM_DeInit                                objdir/stm32f3xx_hal_tim.o
HAL_TIM_PWM_GetState                              objdir/stm32f3xx_hal_tim.o
HAL_TIM_PWM_Init                                  objdir/stm32f3xx_hal_tim.o
                                                  objdir/stm32f3_hal_seccan.o
HAL_TIM_PWM_MspDeInit                             objdir/stm32f3xx_hal_tim.o
HAL_TIM_PWM_MspInit                               objdir/stm32f3xx_hal_tim.o
HAL_TIM_PWM_PulseFinishedCallback                 objdir/stm32f3xx_hal_tim.o
HAL_TIM_PWM_Start                                 objdir/stm32f3xx_hal_tim.o
                                                  objdir/stm32f3_hal_seccan.o
HAL_TIM_PWM_Start_DMA                             objdir/stm32f3xx_hal_tim.o
HAL_TIM_PWM_Start_IT                              objdir/stm32f3xx_hal_tim.o
HAL_TIM_PWM_Stop                                  objdir/stm32f3xx_hal_tim.o
HAL_TIM_PWM_Stop_DMA                              objdir/stm32f3xx_hal_tim.o
HAL_TIM_PWM_Stop_IT                               objdir/stm32f3xx_hal_tim.o
HAL_TIM_PeriodElapsedCallback                     objdir/stm32f3xx_hal_tim.o
HAL_TIM_ReadCapturedValue                         objdir/stm32f3xx_hal_tim.o
HAL_TIM_SlaveConfigSynchronization                objdir/stm32f3xx_hal_tim.o
HAL_TIM_SlaveConfigSynchronization_IT             objdir/stm32f3xx_hal_tim.o
HAL_TIM_TriggerCallback                           objdir/stm32f3xx_hal_tim.o
HAL_UART_Init                                     objdir/stm32f3_hal_lowlevel.o
                                                  objdir/stm32f3_hal.o
HAL_UART_Receive                                  objdir/stm32f3_hal_lowlevel.o
                                                  objdir/stm32f3_hal.o
HAL_UART_Transmit                                 objdir/stm32f3_hal_lowlevel.o
                                                  objdir/stm32f3_hal.o
HardFault_Handler                                 objdir/stm32f3_startup.o
IV                                                objdir/seccan.o
Kauth                                             objdir/seccan.o
Kenc                                              objdir/seccan.o
MemManage_Handler                                 objdir/stm32f3_startup.o
NMI_Handler                                       objdir/stm32f3_startup.o
PendSV_Handler                                    objdir/stm32f3_startup.o
Reset_Handler                                     objdir/stm32f3_startup.o
SVC_Handler                                       objdir/stm32f3_startup.o
SysTick_Handler                                   objdir/stm32f3_startup.o
SystemCoreClock                                   objdir/stm32f3_hal_lowlevel.o
                                                  objdir/stm32f3xx_hal_adc_ex.o
SystemInit                                        objdir/stm32f3_startup.o
TIMEx_DMACommutationCplt                          objdir/stm32f3xx_hal_tim.o
TIM_Base_SetConfig                                objdir/stm32f3xx_hal_tim.o
TIM_CCxChannelCmd                                 objdir/stm32f3xx_hal_tim.o
TIM_DMACaptureCplt                                objdir/stm32f3xx_hal_tim.o
TIM_DMADelayPulseCplt                             objdir/stm32f3xx_hal_tim.o
TIM_DMAError                                      objdir/stm32f3xx_hal_tim.o
TIM_ETR_SetConfig                                 objdir/stm32f3xx_hal_tim.o
TIM_OC1_SetConfig                                 objdir/stm32f3xx_hal_tim.o
TIM_OC2_SetConfig                                 objdir/stm32f3xx_hal_tim.o
TIM_OC3_SetConfig                                 objdir/stm32f3xx_hal_tim.o
TIM_OC4_SetConfig                                 objdir/stm32f3xx_hal_tim.o
TIM_TI1_SetConfig                                 objdir/stm32f3xx_hal_tim.o
UART_CheckIdleState                               objdir/stm32f3_hal_lowlevel.o
UART_SetConfig                                    objdir/stm32f3_hal_lowlevel.o
UART_WaitOnFlagUntilTimeout                       objdir/stm32f3_hal_lowlevel.o
UartHandle                                        objdir/stm32f3_hal.o
UsageFault_Handler                                objdir/stm32f3_startup.o
_Balloc                                           c:/program files (x86)/gnu tools arm embedded/7 2017-q4-major/bin/../lib/gcc/arm-none-eabi/7.2.1/../../../../arm-none-eabi/lib/thumb/v7e-m/fpv4-sp/hard\libg.a(lib_a-mprec.o)
                                                  c:/program files (x86)/gnu tools arm embedded/7 2017-q4-major/bin/../lib/gcc/arm-none-eabi/7.2.1/../../../../arm-none-eabi/lib/thumb/v7e-m/fpv4-sp/hard\libg.a(lib_a-dtoa.o)
_Bfree                                            c:/program files (x86)/gnu tools arm embedded/7 2017-q4-major/bin/../lib/gcc/arm-none-eabi/7.2.1/../../../../arm-none-eabi/lib/thumb/v7e-m/fpv4-sp/hard\libg.a(lib_a-mprec.o)
                                                  c:/program files (x86)/gnu tools arm embedded/7 2017-q4-major/bin/../lib/gcc/arm-none-eabi/7.2.1/../../../../arm-none-eabi/lib/thumb/v7e-m/fpv4-sp/hard\libg.a(lib_a-dtoa.o)
_PathLocale                                       c:/program files (x86)/gnu tools arm embedded/7 2017-q4-major/bin/../lib/gcc/arm-none-eabi/7.2.1/../../../../arm-none-eabi/lib/thumb/v7e-m/fpv4-sp/hard\libg.a(lib_a-locale.o)
__adddf3                                          c:/program files (x86)/gnu tools arm embedded/7 2017-q4-major/bin/../lib/gcc/arm-none-eabi/7.2.1/thumb/v7e-m/fpv4-sp/hard\libgcc.a(_arm_addsubdf3.o)
__aeabi_cdcmpeq                                   c:/program files (x86)/gnu tools arm embedded/7 2017-q4-major/bin/../lib/gcc/arm-none-eabi/7.2.1/thumb/v7e-m/fpv4-sp/hard\libgcc.a(_arm_cmpdf2.o)
__aeabi_cdcmple                                   c:/program files (x86)/gnu tools arm embedded/7 2017-q4-major/bin/../lib/gcc/arm-none-eabi/7.2.1/thumb/v7e-m/fpv4-sp/hard\libgcc.a(_arm_cmpdf2.o)
__aeabi_cdrcmple                                  c:/program files (x86)/gnu tools arm embedded/7 2017-q4-major/bin/../lib/gcc/arm-none-eabi/7.2.1/thumb/v7e-m/fpv4-sp/hard\libgcc.a(_arm_cmpdf2.o)
__aeabi_d2iz                                      c:/program files (x86)/gnu tools arm embedded/7 2017-q4-major/bin/../lib/gcc/arm-none-eabi/7.2.1/thumb/v7e-m/fpv4-sp/hard\libgcc.a(_arm_fixdfsi.o)
                                                  c:/program files (x86)/gnu tools arm embedded/7 2017-q4-major/bin/../lib/gcc/arm-none-eabi/7.2.1/../../../../arm-none-eabi/lib/thumb/v7e-m/fpv4-sp/hard\libg.a(lib_a-dtoa.o)
__aeabi_d2uiz                                     c:/program files (x86)/gnu tools arm embedded/7 2017-q4-major/bin/../lib/gcc/arm-none-eabi/7.2.1/thumb/v7e-m/fpv4-sp/hard\libgcc.a(_arm_fixunsdfsi.o)
                                                  objdir/secure-can.o
__aeabi_dadd                                      c:/program files (x86)/gnu tools arm embedded/7 2017-q4-major/bin/../lib/gcc/arm-none-eabi/7.2.1/thumb/v7e-m/fpv4-sp/hard\libgcc.a(_arm_addsubdf3.o)
                                                  c:/program files (x86)/gnu tools arm embedded/7 2017-q4-major/bin/../lib/gcc/arm-none-eabi/7.2.1/../../../../arm-none-eabi/lib/thumb/v7e-m/fpv4-sp/hard\libg.a(lib_a-dtoa.o)
__aeabi_dcmpeq                                    c:/program files (x86)/gnu tools arm embedded/7 2017-q4-major/bin/../lib/gcc/arm-none-eabi/7.2.1/thumb/v7e-m/fpv4-sp/hard\libgcc.a(_arm_cmpdf2.o)
                                                  c:/program files (x86)/gnu tools arm embedded/7 2017-q4-major/bin/../lib/gcc/arm-none-eabi/7.2.1/../../../../arm-none-eabi/lib/thumb/v7e-m/fpv4-sp/hard\libg.a(lib_a-dtoa.o)
                                                  c:/program files (x86)/gnu tools arm embedded/7 2017-q4-major/bin/../lib/gcc/arm-none-eabi/7.2.1/../../../../arm-none-eabi/lib/thumb/v7e-m/fpv4-sp/hard\libg.a(lib_a-vfprintf.o)
__aeabi_dcmpge                                    c:/program files (x86)/gnu tools arm embedded/7 2017-q4-major/bin/../lib/gcc/arm-none-eabi/7.2.1/thumb/v7e-m/fpv4-sp/hard\libgcc.a(_arm_cmpdf2.o)
                                                  c:/program files (x86)/gnu tools arm embedded/7 2017-q4-major/bin/../lib/gcc/arm-none-eabi/7.2.1/../../../../arm-none-eabi/lib/thumb/v7e-m/fpv4-sp/hard\libg.a(lib_a-dtoa.o)
__aeabi_dcmpgt                                    c:/program files (x86)/gnu tools arm embedded/7 2017-q4-major/bin/../lib/gcc/arm-none-eabi/7.2.1/thumb/v7e-m/fpv4-sp/hard\libgcc.a(_arm_cmpdf2.o)
                                                  c:/program files (x86)/gnu tools arm embedded/7 2017-q4-major/bin/../lib/gcc/arm-none-eabi/7.2.1/../../../../arm-none-eabi/lib/thumb/v7e-m/fpv4-sp/hard\libg.a(lib_a-dtoa.o)
                                                  objdir/secure-can.o
__aeabi_dcmple                                    c:/program files (x86)/gnu tools arm embedded/7 2017-q4-major/bin/../lib/gcc/arm-none-eabi/7.2.1/thumb/v7e-m/fpv4-sp/hard\libgcc.a(_arm_cmpdf2.o)
                                                  c:/program files (x86)/gnu tools arm embedded/7 2017-q4-major/bin/../lib/gcc/arm-none-eabi/7.2.1/../../../../arm-none-eabi/lib/thumb/v7e-m/fpv4-sp/hard\libg.a(lib_a-vfprintf.o)
__aeabi_dcmplt                                    c:/program files (x86)/gnu tools arm embedded/7 2017-q4-major/bin/../lib/gcc/arm-none-eabi/7.2.1/thumb/v7e-m/fpv4-sp/hard\libgcc.a(_arm_cmpdf2.o)
                                                  c:/program files (x86)/gnu tools arm embedded/7 2017-q4-major/bin/../lib/gcc/arm-none-eabi/7.2.1/../../../../arm-none-eabi/lib/thumb/v7e-m/fpv4-sp/hard\libg.a(lib_a-dtoa.o)
                                                  c:/program files (x86)/gnu tools arm embedded/7 2017-q4-major/bin/../lib/gcc/arm-none-eabi/7.2.1/../../../../arm-none-eabi/lib/thumb/v7e-m/fpv4-sp/hard\libg.a(lib_a-vfprintf.o)
                                                  objdir/secure-can.o
__aeabi_dcmpun                                    c:/program files (x86)/gnu tools arm embedded/7 2017-q4-major/bin/../lib/gcc/arm-none-eabi/7.2.1/thumb/v7e-m/fpv4-sp/hard\libgcc.a(_arm_unorddf2.o)
                                                  c:/program files (x86)/gnu tools arm embedded/7 2017-q4-major/bin/../lib/gcc/arm-none-eabi/7.2.1/../../../../arm-none-eabi/lib/thumb/v7e-m/fpv4-sp/hard\libg.a(lib_a-vfprintf.o)
__aeabi_ddiv                                      c:/program files (x86)/gnu tools arm embedded/7 2017-q4-major/bin/../lib/gcc/arm-none-eabi/7.2.1/thumb/v7e-m/fpv4-sp/hard\libgcc.a(_arm_muldivdf3.o)
                                                  c:/program files (x86)/gnu tools arm embedded/7 2017-q4-major/bin/../lib/gcc/arm-none-eabi/7.2.1/../../../../arm-none-eabi/lib/thumb/v7e-m/fpv4-sp/hard\libg.a(lib_a-mprec.o)
                                                  c:/program files (x86)/gnu tools arm embedded/7 2017-q4-major/bin/../lib/gcc/arm-none-eabi/7.2.1/../../../../arm-none-eabi/lib/thumb/v7e-m/fpv4-sp/hard\libg.a(lib_a-dtoa.o)
                                                  objdir/secure-can.o
__aeabi_dmul                                      c:/program files (x86)/gnu tools arm embedded/7 2017-q4-major/bin/../lib/gcc/arm-none-eabi/7.2.1/thumb/v7e-m/fpv4-sp/hard\libgcc.a(_arm_muldivdf3.o)
                                                  c:/program files (x86)/gnu tools arm embedded/7 2017-q4-major/bin/../lib/gcc/arm-none-eabi/7.2.1/../../../../arm-none-eabi/lib/thumb/v7e-m/fpv4-sp/hard\libg.a(lib_a-mprec.o)
                                                  c:/program files (x86)/gnu tools arm embedded/7 2017-q4-major/bin/../lib/gcc/arm-none-eabi/7.2.1/../../../../arm-none-eabi/lib/thumb/v7e-m/fpv4-sp/hard\libg.a(lib_a-dtoa.o)
                                                  objdir/secure-can.o
__aeabi_drsub                                     c:/program files (x86)/gnu tools arm embedded/7 2017-q4-major/bin/../lib/gcc/arm-none-eabi/7.2.1/thumb/v7e-m/fpv4-sp/hard\libgcc.a(_arm_addsubdf3.o)
__aeabi_dsub                                      c:/program files (x86)/gnu tools arm embedded/7 2017-q4-major/bin/../lib/gcc/arm-none-eabi/7.2.1/thumb/v7e-m/fpv4-sp/hard\libgcc.a(_arm_addsubdf3.o)
                                                  c:/program files (x86)/gnu tools arm embedded/7 2017-q4-major/bin/../lib/gcc/arm-none-eabi/7.2.1/../../../../arm-none-eabi/lib/thumb/v7e-m/fpv4-sp/hard\libg.a(lib_a-dtoa.o)
                                                  objdir/secure-can.o
__aeabi_f2d                                       c:/program files (x86)/gnu tools arm embedded/7 2017-q4-major/bin/../lib/gcc/arm-none-eabi/7.2.1/thumb/v7e-m/fpv4-sp/hard\libgcc.a(_arm_addsubdf3.o)
__aeabi_i2d                                       c:/program files (x86)/gnu tools arm embedded/7 2017-q4-major/bin/../lib/gcc/arm-none-eabi/7.2.1/thumb/v7e-m/fpv4-sp/hard\libgcc.a(_arm_addsubdf3.o)
                                                  c:/program files (x86)/gnu tools arm embedded/7 2017-q4-major/bin/../lib/gcc/arm-none-eabi/7.2.1/../../../../arm-none-eabi/lib/thumb/v7e-m/fpv4-sp/hard\libg.a(lib_a-dtoa.o)
                                                  objdir/secure-can.o
__aeabi_idiv0                                     c:/program files (x86)/gnu tools arm embedded/7 2017-q4-major/bin/../lib/gcc/arm-none-eabi/7.2.1/thumb/v7e-m/fpv4-sp/hard\libgcc.a(_dvmd_tls.o)
__aeabi_l2d                                       c:/program files (x86)/gnu tools arm embedded/7 2017-q4-major/bin/../lib/gcc/arm-none-eabi/7.2.1/thumb/v7e-m/fpv4-sp/hard\libgcc.a(_arm_addsubdf3.o)
__aeabi_ldiv0                                     c:/program files (x86)/gnu tools arm embedded/7 2017-q4-major/bin/../lib/gcc/arm-none-eabi/7.2.1/thumb/v7e-m/fpv4-sp/hard\libgcc.a(_dvmd_tls.o)
                                                  c:/program files (x86)/gnu tools arm embedded/7 2017-q4-major/bin/../lib/gcc/arm-none-eabi/7.2.1/thumb/v7e-m/fpv4-sp/hard\libgcc.a(_aeabi_uldivmod.o)
__aeabi_ui2d                                      c:/program files (x86)/gnu tools arm embedded/7 2017-q4-major/bin/../lib/gcc/arm-none-eabi/7.2.1/thumb/v7e-m/fpv4-sp/hard\libgcc.a(_arm_addsubdf3.o)
                                                  c:/program files (x86)/gnu tools arm embedded/7 2017-q4-major/bin/../lib/gcc/arm-none-eabi/7.2.1/../../../../arm-none-eabi/lib/thumb/v7e-m/fpv4-sp/hard\libg.a(lib_a-dtoa.o)
__aeabi_ul2d                                      c:/program files (x86)/gnu tools arm embedded/7 2017-q4-major/bin/../lib/gcc/arm-none-eabi/7.2.1/thumb/v7e-m/fpv4-sp/hard\libgcc.a(_arm_addsubdf3.o)
__aeabi_uldivmod                                  c:/program files (x86)/gnu tools arm embedded/7 2017-q4-major/bin/../lib/gcc/arm-none-eabi/7.2.1/thumb/v7e-m/fpv4-sp/hard\libgcc.a(_aeabi_uldivmod.o)
                                                  c:/program files (x86)/gnu tools arm embedded/7 2017-q4-major/bin/../lib/gcc/arm-none-eabi/7.2.1/../../../../arm-none-eabi/lib/thumb/v7e-m/fpv4-sp/hard\libg.a(lib_a-vfiprintf.o)
                                                  c:/program files (x86)/gnu tools arm embedded/7 2017-q4-major/bin/../lib/gcc/arm-none-eabi/7.2.1/../../../../arm-none-eabi/lib/thumb/v7e-m/fpv4-sp/hard\libg.a(lib_a-vfprintf.o)
__any_on                                          c:/program files (x86)/gnu tools arm embedded/7 2017-q4-major/bin/../lib/gcc/arm-none-eabi/7.2.1/../../../../arm-none-eabi/lib/thumb/v7e-m/fpv4-sp/hard\libg.a(lib_a-mprec.o)
__ascii_mbtowc                                    c:/program files (x86)/gnu tools arm embedded/7 2017-q4-major/bin/../lib/gcc/arm-none-eabi/7.2.1/../../../../arm-none-eabi/lib/thumb/v7e-m/fpv4-sp/hard\libg.a(lib_a-mbtowc_r.o)
                                                  c:/program files (x86)/gnu tools arm embedded/7 2017-q4-major/bin/../lib/gcc/arm-none-eabi/7.2.1/../../../../arm-none-eabi/lib/thumb/v7e-m/fpv4-sp/hard\libg.a(lib_a-locale.o)
__ascii_wctomb                                    c:/program files (x86)/gnu tools arm embedded/7 2017-q4-major/bin/../lib/gcc/arm-none-eabi/7.2.1/../../../../arm-none-eabi/lib/thumb/v7e-m/fpv4-sp/hard\libg.a(lib_a-wctomb_r.o)
                                                  c:/program files (x86)/gnu tools arm embedded/7 2017-q4-major/bin/../lib/gcc/arm-none-eabi/7.2.1/../../../../arm-none-eabi/lib/thumb/v7e-m/fpv4-sp/hard\libg.a(lib_a-locale.o)
__atexit_recursive_mutex                          c:/program files (x86)/gnu tools arm embedded/7 2017-q4-major/bin/../lib/gcc/arm-none-eabi/7.2.1/../../../../arm-none-eabi/lib/thumb/v7e-m/fpv4-sp/hard\libg.a(lib_a-__call_atexit.o)
                                                  c:/program files (x86)/gnu tools arm embedded/7 2017-q4-major/bin/../lib/gcc/arm-none-eabi/7.2.1/../../../../arm-none-eabi/lib/thumb/v7e-m/fpv4-sp/hard\libg.a(lib_a-__atexit.o)
__b2d                                             c:/program files (x86)/gnu tools arm embedded/7 2017-q4-major/bin/../lib/gcc/arm-none-eabi/7.2.1/../../../../arm-none-eabi/lib/thumb/v7e-m/fpv4-sp/hard\libg.a(lib_a-mprec.o)
__bss_end__                                       c:/program files (x86)/gnu tools arm embedded/7 2017-q4-major/bin/../lib/gcc/arm-none-eabi/7.2.1/../../../../arm-none-eabi/lib/thumb/v7e-m/fpv4-sp/hard/crt0.o
__bss_start__                                     c:/program files (x86)/gnu tools arm embedded/7 2017-q4-major/bin/../lib/gcc/arm-none-eabi/7.2.1/../../../../arm-none-eabi/lib/thumb/v7e-m/fpv4-sp/hard/crt0.o
__call_exitprocs                                  c:/program files (x86)/gnu tools arm embedded/7 2017-q4-major/bin/../lib/gcc/arm-none-eabi/7.2.1/../../../../arm-none-eabi/lib/thumb/v7e-m/fpv4-sp/hard\libg.a(lib_a-__call_atexit.o)
                                                  c:/program files (x86)/gnu tools arm embedded/7 2017-q4-major/bin/../lib/gcc/arm-none-eabi/7.2.1/../../../../arm-none-eabi/lib/thumb/v7e-m/fpv4-sp/hard\libg.a(lib_a-exit.o)
__cmpdf2                                          c:/program files (x86)/gnu tools arm embedded/7 2017-q4-major/bin/../lib/gcc/arm-none-eabi/7.2.1/thumb/v7e-m/fpv4-sp/hard\libgcc.a(_arm_cmpdf2.o)
__copybits                                        c:/program files (x86)/gnu tools arm embedded/7 2017-q4-major/bin/../lib/gcc/arm-none-eabi/7.2.1/../../../../arm-none-eabi/lib/thumb/v7e-m/fpv4-sp/hard\libg.a(lib_a-mprec.o)
__d2b                                             c:/program files (x86)/gnu tools arm embedded/7 2017-q4-major/bin/../lib/gcc/arm-none-eabi/7.2.1/../../../../arm-none-eabi/lib/thumb/v7e-m/fpv4-sp/hard\libg.a(lib_a-mprec.o)
                                                  c:/program files (x86)/gnu tools arm embedded/7 2017-q4-major/bin/../lib/gcc/arm-none-eabi/7.2.1/../../../../arm-none-eabi/lib/thumb/v7e-m/fpv4-sp/hard\libg.a(lib_a-dtoa.o)
__deregister_frame_info                           c:/program files (x86)/gnu tools arm embedded/7 2017-q4-major/bin/../lib/gcc/arm-none-eabi/7.2.1/thumb/v7e-m/fpv4-sp/hard/crtbegin.o
__divdf3                                          c:/program files (x86)/gnu tools arm embedded/7 2017-q4-major/bin/../lib/gcc/arm-none-eabi/7.2.1/thumb/v7e-m/fpv4-sp/hard\libgcc.a(_arm_muldivdf3.o)
__dso_handle                                      c:/program files (x86)/gnu tools arm embedded/7 2017-q4-major/bin/../lib/gcc/arm-none-eabi/7.2.1/thumb/v7e-m/fpv4-sp/hard/crtbegin.o
__eqdf2                                           c:/program files (x86)/gnu tools arm embedded/7 2017-q4-major/bin/../lib/gcc/arm-none-eabi/7.2.1/thumb/v7e-m/fpv4-sp/hard\libgcc.a(_arm_cmpdf2.o)
__errno                                           c:/program files (x86)/gnu tools arm embedded/7 2017-q4-major/bin/../lib/gcc/arm-none-eabi/7.2.1/../../../../arm-none-eabi/lib/thumb/v7e-m/fpv4-sp/hard\libg.a(lib_a-errno.o)
                                                  objdir/stm32f3_sysmem.o
__extendsfdf2                                     c:/program files (x86)/gnu tools arm embedded/7 2017-q4-major/bin/../lib/gcc/arm-none-eabi/7.2.1/thumb/v7e-m/fpv4-sp/hard\libgcc.a(_arm_addsubdf3.o)
__fini_array_end                                  c:/program files (x86)/gnu tools arm embedded/7 2017-q4-major/bin/../lib/gcc/arm-none-eabi/7.2.1/../../../../arm-none-eabi/lib/thumb/v7e-m/fpv4-sp/hard\libg.a(lib_a-fini.o)
__fini_array_start                                c:/program files (x86)/gnu tools arm embedded/7 2017-q4-major/bin/../lib/gcc/arm-none-eabi/7.2.1/../../../../arm-none-eabi/lib/thumb/v7e-m/fpv4-sp/hard\libg.a(lib_a-fini.o)
__fixdfsi                                         c:/program files (x86)/gnu tools arm embedded/7 2017-q4-major/bin/../lib/gcc/arm-none-eabi/7.2.1/thumb/v7e-m/fpv4-sp/hard\libgcc.a(_arm_fixdfsi.o)
__fixunsdfsi                                      c:/program files (x86)/gnu tools arm embedded/7 2017-q4-major/bin/../lib/gcc/arm-none-eabi/7.2.1/thumb/v7e-m/fpv4-sp/hard\libgcc.a(_arm_fixunsdfsi.o)
__floatdidf                                       c:/program files (x86)/gnu tools arm embedded/7 2017-q4-major/bin/../lib/gcc/arm-none-eabi/7.2.1/thumb/v7e-m/fpv4-sp/hard\libgcc.a(_arm_addsubdf3.o)
__floatsidf                                       c:/program files (x86)/gnu tools arm embedded/7 2017-q4-major/bin/../lib/gcc/arm-none-eabi/7.2.1/thumb/v7e-m/fpv4-sp/hard\libgcc.a(_arm_addsubdf3.o)
__floatundidf                                     c:/program files (x86)/gnu tools arm embedded/7 2017-q4-major/bin/../lib/gcc/arm-none-eabi/7.2.1/thumb/v7e-m/fpv4-sp/hard\libgcc.a(_arm_addsubdf3.o)
__floatunsidf                                     c:/program files (x86)/gnu tools arm embedded/7 2017-q4-major/bin/../lib/gcc/arm-none-eabi/7.2.1/thumb/v7e-m/fpv4-sp/hard\libgcc.a(_arm_addsubdf3.o)
__fp_lock_all                                     c:/program files (x86)/gnu tools arm embedded/7 2017-q4-major/bin/../lib/gcc/arm-none-eabi/7.2.1/../../../../arm-none-eabi/lib/thumb/v7e-m/fpv4-sp/hard\libg.a(lib_a-findfp.o)
__fp_unlock_all                                   c:/program files (x86)/gnu tools arm embedded/7 2017-q4-major/bin/../lib/gcc/arm-none-eabi/7.2.1/../../../../arm-none-eabi/lib/thumb/v7e-m/fpv4-sp/hard\libg.a(lib_a-findfp.o)
__fputwc                                          c:/program files (x86)/gnu tools arm embedded/7 2017-q4-major/bin/../lib/gcc/arm-none-eabi/7.2.1/../../../../arm-none-eabi/lib/thumb/v7e-m/fpv4-sp/hard\libg.a(lib_a-fputwc.o)
__gedf2                                           c:/program files (x86)/gnu tools arm embedded/7 2017-q4-major/bin/../lib/gcc/arm-none-eabi/7.2.1/thumb/v7e-m/fpv4-sp/hard\libgcc.a(_arm_cmpdf2.o)
__global_locale                                   c:/program files (x86)/gnu tools arm embedded/7 2017-q4-major/bin/../lib/gcc/arm-none-eabi/7.2.1/../../../../arm-none-eabi/lib/thumb/v7e-m/fpv4-sp/hard\libg.a(lib_a-locale.o)
                                                  c:/program files (x86)/gnu tools arm embedded/7 2017-q4-major/bin/../lib/gcc/arm-none-eabi/7.2.1/../../../../arm-none-eabi/lib/thumb/v7e-m/fpv4-sp/hard\libg.a(lib_a-wctomb_r.o)
                                                  c:/program files (x86)/gnu tools arm embedded/7 2017-q4-major/bin/../lib/gcc/arm-none-eabi/7.2.1/../../../../arm-none-eabi/lib/thumb/v7e-m/fpv4-sp/hard\libg.a(lib_a-wcrtomb.o)
                                                  c:/program files (x86)/gnu tools arm embedded/7 2017-q4-major/bin/../lib/gcc/arm-none-eabi/7.2.1/../../../../arm-none-eabi/lib/thumb/v7e-m/fpv4-sp/hard\libg.a(lib_a-mbtowc_r.o)
                                                  c:/program files (x86)/gnu tools arm embedded/7 2017-q4-major/bin/../lib/gcc/arm-none-eabi/7.2.1/../../../../arm-none-eabi/lib/thumb/v7e-m/fpv4-sp/hard\libg.a(lib_a-localeconv.o)
__gtdf2                                           c:/program files (x86)/gnu tools arm embedded/7 2017-q4-major/bin/../lib/gcc/arm-none-eabi/7.2.1/thumb/v7e-m/fpv4-sp/hard\libgcc.a(_arm_cmpdf2.o)
__hi0bits                                         c:/program files (x86)/gnu tools arm embedded/7 2017-q4-major/bin/../lib/gcc/arm-none-eabi/7.2.1/../../../../arm-none-eabi/lib/thumb/v7e-m/fpv4-sp/hard\libg.a(lib_a-mprec.o)
                                                  c:/program files (x86)/gnu tools arm embedded/7 2017-q4-major/bin/../lib/gcc/arm-none-eabi/7.2.1/../../../../arm-none-eabi/lib/thumb/v7e-m/fpv4-sp/hard\libg.a(lib_a-dtoa.o)
__i2b                                             c:/program files (x86)/gnu tools arm embedded/7 2017-q4-major/bin/../lib/gcc/arm-none-eabi/7.2.1/../../../../arm-none-eabi/lib/thumb/v7e-m/fpv4-sp/hard\libg.a(lib_a-mprec.o)
                                                  c:/program files (x86)/gnu tools arm embedded/7 2017-q4-major/bin/../lib/gcc/arm-none-eabi/7.2.1/../../../../arm-none-eabi/lib/thumb/v7e-m/fpv4-sp/hard\libg.a(lib_a-dtoa.o)
__init_array_end                                  c:/program files (x86)/gnu tools arm embedded/7 2017-q4-major/bin/../lib/gcc/arm-none-eabi/7.2.1/../../../../arm-none-eabi/lib/thumb/v7e-m/fpv4-sp/hard\libg.a(lib_a-init.o)
__init_array_start                                c:/program files (x86)/gnu tools arm embedded/7 2017-q4-major/bin/../lib/gcc/arm-none-eabi/7.2.1/../../../../arm-none-eabi/lib/thumb/v7e-m/fpv4-sp/hard\libg.a(lib_a-init.o)
__ledf2                                           c:/program files (x86)/gnu tools arm embedded/7 2017-q4-major/bin/../lib/gcc/arm-none-eabi/7.2.1/thumb/v7e-m/fpv4-sp/hard\libgcc.a(_arm_cmpdf2.o)
__libc_fini                                       c:/program files (x86)/gnu tools arm embedded/7 2017-q4-major/bin/../lib/gcc/arm-none-eabi/7.2.1/../../../../arm-none-eabi/lib/thumb/v7e-m/fpv4-sp/hard\libg.a(lib_a-__call_atexit.o)
__libc_fini_array                                 c:/program files (x86)/gnu tools arm embedded/7 2017-q4-major/bin/../lib/gcc/arm-none-eabi/7.2.1/../../../../arm-none-eabi/lib/thumb/v7e-m/fpv4-sp/hard\libg.a(lib_a-fini.o)
                                                  c:/program files (x86)/gnu tools arm embedded/7 2017-q4-major/bin/../lib/gcc/arm-none-eabi/7.2.1/../../../../arm-none-eabi/lib/thumb/v7e-m/fpv4-sp/hard\libg.a(lib_a-__call_atexit.o)
                                                  c:/program files (x86)/gnu tools arm embedded/7 2017-q4-major/bin/../lib/gcc/arm-none-eabi/7.2.1/../../../../arm-none-eabi/lib/thumb/v7e-m/fpv4-sp/hard/crt0.o
__libc_init_array                                 c:/program files (x86)/gnu tools arm embedded/7 2017-q4-major/bin/../lib/gcc/arm-none-eabi/7.2.1/../../../../arm-none-eabi/lib/thumb/v7e-m/fpv4-sp/hard\libg.a(lib_a-init.o)
                                                  objdir/stm32f3_startup.o
                                                  c:/program files (x86)/gnu tools arm embedded/7 2017-q4-major/bin/../lib/gcc/arm-none-eabi/7.2.1/../../../../arm-none-eabi/lib/thumb/v7e-m/fpv4-sp/hard/crt0.o
__lo0bits                                         c:/program files (x86)/gnu tools arm embedded/7 2017-q4-major/bin/../lib/gcc/arm-none-eabi/7.2.1/../../../../arm-none-eabi/lib/thumb/v7e-m/fpv4-sp/hard\libg.a(lib_a-mprec.o)
__locale_ctype_ptr                                c:/program files (x86)/gnu tools arm embedded/7 2017-q4-major/bin/../lib/gcc/arm-none-eabi/7.2.1/../../../../arm-none-eabi/lib/thumb/v7e-m/fpv4-sp/hard\libg.a(lib_a-locale.o)
__locale_ctype_ptr_l                              c:/program files (x86)/gnu tools arm embedded/7 2017-q4-major/bin/../lib/gcc/arm-none-eabi/7.2.1/../../../../arm-none-eabi/lib/thumb/v7e-m/fpv4-sp/hard\libg.a(lib_a-locale.o)
__locale_mb_cur_max                               c:/program files (x86)/gnu tools arm embedded/7 2017-q4-major/bin/../lib/gcc/arm-none-eabi/7.2.1/../../../../arm-none-eabi/lib/thumb/v7e-m/fpv4-sp/hard\libg.a(lib_a-locale.o)
                                                  c:/program files (x86)/gnu tools arm embedded/7 2017-q4-major/bin/../lib/gcc/arm-none-eabi/7.2.1/../../../../arm-none-eabi/lib/thumb/v7e-m/fpv4-sp/hard\libg.a(lib_a-fputwc.o)
__localeconv_l                                    c:/program files (x86)/gnu tools arm embedded/7 2017-q4-major/bin/../lib/gcc/arm-none-eabi/7.2.1/../../../../arm-none-eabi/lib/thumb/v7e-m/fpv4-sp/hard\libg.a(lib_a-localeconv.o)
__lock___arc4random_mutex                         c:/program files (x86)/gnu tools arm embedded/7 2017-q4-major/bin/../lib/gcc/arm-none-eabi/7.2.1/../../../../arm-none-eabi/lib/thumb/v7e-m/fpv4-sp/hard\libg.a(lib_a-lock.o)
__lock___at_quick_exit_mutex                      c:/program files (x86)/gnu tools arm embedded/7 2017-q4-major/bin/../lib/gcc/arm-none-eabi/7.2.1/../../../../arm-none-eabi/lib/thumb/v7e-m/fpv4-sp/hard\libg.a(lib_a-lock.o)
__lock___atexit_recursive_mutex                   c:/program files (x86)/gnu tools arm embedded/7 2017-q4-major/bin/../lib/gcc/arm-none-eabi/7.2.1/../../../../arm-none-eabi/lib/thumb/v7e-m/fpv4-sp/hard\libg.a(lib_a-lock.o)
                                                  c:/program files (x86)/gnu tools arm embedded/7 2017-q4-major/bin/../lib/gcc/arm-none-eabi/7.2.1/../../../../arm-none-eabi/lib/thumb/v7e-m/fpv4-sp/hard\libg.a(lib_a-__call_atexit.o)
__lock___dd_hash_mutex                            c:/program files (x86)/gnu tools arm embedded/7 2017-q4-major/bin/../lib/gcc/arm-none-eabi/7.2.1/../../../../arm-none-eabi/lib/thumb/v7e-m/fpv4-sp/hard\libg.a(lib_a-lock.o)
__lock___env_recursive_mutex                      c:/program files (x86)/gnu tools arm embedded/7 2017-q4-major/bin/../lib/gcc/arm-none-eabi/7.2.1/../../../../arm-none-eabi/lib/thumb/v7e-m/fpv4-sp/hard\libg.a(lib_a-lock.o)
__lock___malloc_recursive_mutex                   c:/program files (x86)/gnu tools arm embedded/7 2017-q4-major/bin/../lib/gcc/arm-none-eabi/7.2.1/../../../../arm-none-eabi/lib/thumb/v7e-m/fpv4-sp/hard\libg.a(lib_a-lock.o)
                                                  c:/program files (x86)/gnu tools arm embedded/7 2017-q4-major/bin/../lib/gcc/arm-none-eabi/7.2.1/../../../../arm-none-eabi/lib/thumb/v7e-m/fpv4-sp/hard\libg.a(lib_a-mlock.o)
__lock___sfp_recursive_mutex                      c:/program files (x86)/gnu tools arm embedded/7 2017-q4-major/bin/../lib/gcc/arm-none-eabi/7.2.1/../../../../arm-none-eabi/lib/thumb/v7e-m/fpv4-sp/hard\libg.a(lib_a-lock.o)
                                                  c:/program files (x86)/gnu tools arm embedded/7 2017-q4-major/bin/../lib/gcc/arm-none-eabi/7.2.1/../../../../arm-none-eabi/lib/thumb/v7e-m/fpv4-sp/hard\libg.a(lib_a-findfp.o)
__lock___sinit_recursive_mutex                    c:/program files (x86)/gnu tools arm embedded/7 2017-q4-major/bin/../lib/gcc/arm-none-eabi/7.2.1/../../../../arm-none-eabi/lib/thumb/v7e-m/fpv4-sp/hard\libg.a(lib_a-lock.o)
                                                  c:/program files (x86)/gnu tools arm embedded/7 2017-q4-major/bin/../lib/gcc/arm-none-eabi/7.2.1/../../../../arm-none-eabi/lib/thumb/v7e-m/fpv4-sp/hard\libg.a(lib_a-findfp.o)
__lock___tz_mutex                                 c:/program files (x86)/gnu tools arm embedded/7 2017-q4-major/bin/../lib/gcc/arm-none-eabi/7.2.1/../../../../arm-none-eabi/lib/thumb/v7e-m/fpv4-sp/hard\libg.a(lib_a-lock.o)
__lshift                                          c:/program files (x86)/gnu tools arm embedded/7 2017-q4-major/bin/../lib/gcc/arm-none-eabi/7.2.1/../../../../arm-none-eabi/lib/thumb/v7e-m/fpv4-sp/hard\libg.a(lib_a-mprec.o)
                                                  c:/program files (x86)/gnu tools arm embedded/7 2017-q4-major/bin/../lib/gcc/arm-none-eabi/7.2.1/../../../../arm-none-eabi/lib/thumb/v7e-m/fpv4-sp/hard\libg.a(lib_a-dtoa.o)
__ltdf2                                           c:/program files (x86)/gnu tools arm embedded/7 2017-q4-major/bin/../lib/gcc/arm-none-eabi/7.2.1/thumb/v7e-m/fpv4-sp/hard\libgcc.a(_arm_cmpdf2.o)
__malloc_av_                                      c:/program files (x86)/gnu tools arm embedded/7 2017-q4-major/bin/../lib/gcc/arm-none-eabi/7.2.1/../../../../arm-none-eabi/lib/thumb/v7e-m/fpv4-sp/hard\libg.a(lib_a-mallocr.o)
                                                  c:/program files (x86)/gnu tools arm embedded/7 2017-q4-major/bin/../lib/gcc/arm-none-eabi/7.2.1/../../../../arm-none-eabi/lib/thumb/v7e-m/fpv4-sp/hard\libg.a(lib_a-reallocr.o)
                                                  c:/program files (x86)/gnu tools arm embedded/7 2017-q4-major/bin/../lib/gcc/arm-none-eabi/7.2.1/../../../../arm-none-eabi/lib/thumb/v7e-m/fpv4-sp/hard\libg.a(lib_a-freer.o)
__malloc_current_mallinfo                         c:/program files (x86)/gnu tools arm embedded/7 2017-q4-major/bin/../lib/gcc/arm-none-eabi/7.2.1/../../../../arm-none-eabi/lib/thumb/v7e-m/fpv4-sp/hard\libg.a(lib_a-mallocr.o)
                                                  c:/program files (x86)/gnu tools arm embedded/7 2017-q4-major/bin/../lib/gcc/arm-none-eabi/7.2.1/../../../../arm-none-eabi/lib/thumb/v7e-m/fpv4-sp/hard\libg.a(lib_a-freer.o)
__malloc_lock                                     c:/program files (x86)/gnu tools arm embedded/7 2017-q4-major/bin/../lib/gcc/arm-none-eabi/7.2.1/../../../../arm-none-eabi/lib/thumb/v7e-m/fpv4-sp/hard\libg.a(lib_a-mlock.o)
                                                  c:/program files (x86)/gnu tools arm embedded/7 2017-q4-major/bin/../lib/gcc/arm-none-eabi/7.2.1/../../../../arm-none-eabi/lib/thumb/v7e-m/fpv4-sp/hard\libg.a(lib_a-reallocr.o)
                                                  c:/program files (x86)/gnu tools arm embedded/7 2017-q4-major/bin/../lib/gcc/arm-none-eabi/7.2.1/../../../../arm-none-eabi/lib/thumb/v7e-m/fpv4-sp/hard\libg.a(lib_a-mallocr.o)
                                                  c:/program files (x86)/gnu tools arm embedded/7 2017-q4-major/bin/../lib/gcc/arm-none-eabi/7.2.1/../../../../arm-none-eabi/lib/thumb/v7e-m/fpv4-sp/hard\libg.a(lib_a-freer.o)
__malloc_max_sbrked_mem                           c:/program files (x86)/gnu tools arm embedded/7 2017-q4-major/bin/../lib/gcc/arm-none-eabi/7.2.1/../../../../arm-none-eabi/lib/thumb/v7e-m/fpv4-sp/hard\libg.a(lib_a-mallocr.o)
__malloc_max_total_mem                            c:/program files (x86)/gnu tools arm embedded/7 2017-q4-major/bin/../lib/gcc/arm-none-eabi/7.2.1/../../../../arm-none-eabi/lib/thumb/v7e-m/fpv4-sp/hard\libg.a(lib_a-mallocr.o)
__malloc_sbrk_base                                c:/program files (x86)/gnu tools arm embedded/7 2017-q4-major/bin/../lib/gcc/arm-none-eabi/7.2.1/../../../../arm-none-eabi/lib/thumb/v7e-m/fpv4-sp/hard\libg.a(lib_a-mallocr.o)
                                                  c:/program files (x86)/gnu tools arm embedded/7 2017-q4-major/bin/../lib/gcc/arm-none-eabi/7.2.1/../../../../arm-none-eabi/lib/thumb/v7e-m/fpv4-sp/hard\libg.a(lib_a-freer.o)
__malloc_top_pad                                  c:/program files (x86)/gnu tools arm embedded/7 2017-q4-major/bin/../lib/gcc/arm-none-eabi/7.2.1/../../../../arm-none-eabi/lib/thumb/v7e-m/fpv4-sp/hard\libg.a(lib_a-mallocr.o)
                                                  c:/program files (x86)/gnu tools arm embedded/7 2017-q4-major/bin/../lib/gcc/arm-none-eabi/7.2.1/../../../../arm-none-eabi/lib/thumb/v7e-m/fpv4-sp/hard\libg.a(lib_a-freer.o)
__malloc_trim_threshold                           c:/program files (x86)/gnu tools arm embedded/7 2017-q4-major/bin/../lib/gcc/arm-none-eabi/7.2.1/../../../../arm-none-eabi/lib/thumb/v7e-m/fpv4-sp/hard\libg.a(lib_a-mallocr.o)
                                                  c:/program files (x86)/gnu tools arm embedded/7 2017-q4-major/bin/../lib/gcc/arm-none-eabi/7.2.1/../../../../arm-none-eabi/lib/thumb/v7e-m/fpv4-sp/hard\libg.a(lib_a-freer.o)
__malloc_unlock                                   c:/program files (x86)/gnu tools arm embedded/7 2017-q4-major/bin/../lib/gcc/arm-none-eabi/7.2.1/../../../../arm-none-eabi/lib/thumb/v7e-m/fpv4-sp/hard\libg.a(lib_a-mlock.o)
                                                  c:/program files (x86)/gnu tools arm embedded/7 2017-q4-major/bin/../lib/gcc/arm-none-eabi/7.2.1/../../../../arm-none-eabi/lib/thumb/v7e-m/fpv4-sp/hard\libg.a(lib_a-reallocr.o)
                                                  c:/program files (x86)/gnu tools arm embedded/7 2017-q4-major/bin/../lib/gcc/arm-none-eabi/7.2.1/../../../../arm-none-eabi/lib/thumb/v7e-m/fpv4-sp/hard\libg.a(lib_a-mallocr.o)
                                                  c:/program files (x86)/gnu tools arm embedded/7 2017-q4-major/bin/../lib/gcc/arm-none-eabi/7.2.1/../../../../arm-none-eabi/lib/thumb/v7e-m/fpv4-sp/hard\libg.a(lib_a-freer.o)
__mcmp                                            c:/program files (x86)/gnu tools arm embedded/7 2017-q4-major/bin/../lib/gcc/arm-none-eabi/7.2.1/../../../../arm-none-eabi/lib/thumb/v7e-m/fpv4-sp/hard\libg.a(lib_a-mprec.o)
                                                  c:/program files (x86)/gnu tools arm embedded/7 2017-q4-major/bin/../lib/gcc/arm-none-eabi/7.2.1/../../../../arm-none-eabi/lib/thumb/v7e-m/fpv4-sp/hard\libg.a(lib_a-dtoa.o)
__mdiff                                           c:/program files (x86)/gnu tools arm embedded/7 2017-q4-major/bin/../lib/gcc/arm-none-eabi/7.2.1/../../../../arm-none-eabi/lib/thumb/v7e-m/fpv4-sp/hard\libg.a(lib_a-mprec.o)
                                                  c:/program files (x86)/gnu tools arm embedded/7 2017-q4-major/bin/../lib/gcc/arm-none-eabi/7.2.1/../../../../arm-none-eabi/lib/thumb/v7e-m/fpv4-sp/hard\libg.a(lib_a-dtoa.o)
__mprec_bigtens                                   c:/program files (x86)/gnu tools arm embedded/7 2017-q4-major/bin/../lib/gcc/arm-none-eabi/7.2.1/../../../../arm-none-eabi/lib/thumb/v7e-m/fpv4-sp/hard\libg.a(lib_a-mprec.o)
                                                  c:/program files (x86)/gnu tools arm embedded/7 2017-q4-major/bin/../lib/gcc/arm-none-eabi/7.2.1/../../../../arm-none-eabi/lib/thumb/v7e-m/fpv4-sp/hard\libg.a(lib_a-dtoa.o)
__mprec_tens                                      c:/program files (x86)/gnu tools arm embedded/7 2017-q4-major/bin/../lib/gcc/arm-none-eabi/7.2.1/../../../../arm-none-eabi/lib/thumb/v7e-m/fpv4-sp/hard\libg.a(lib_a-mprec.o)
                                                  c:/program files (x86)/gnu tools arm embedded/7 2017-q4-major/bin/../lib/gcc/arm-none-eabi/7.2.1/../../../../arm-none-eabi/lib/thumb/v7e-m/fpv4-sp/hard\libg.a(lib_a-dtoa.o)
__mprec_tinytens                                  c:/program files (x86)/gnu tools arm embedded/7 2017-q4-major/bin/../lib/gcc/arm-none-eabi/7.2.1/../../../../arm-none-eabi/lib/thumb/v7e-m/fpv4-sp/hard\libg.a(lib_a-mprec.o)
__muldf3                                          c:/program files (x86)/gnu tools arm embedded/7 2017-q4-major/bin/../lib/gcc/arm-none-eabi/7.2.1/thumb/v7e-m/fpv4-sp/hard\libgcc.a(_arm_muldivdf3.o)
__multadd                                         c:/program files (x86)/gnu tools arm embedded/7 2017-q4-major/bin/../lib/gcc/arm-none-eabi/7.2.1/../../../../arm-none-eabi/lib/thumb/v7e-m/fpv4-sp/hard\libg.a(lib_a-mprec.o)
                                                  c:/program files (x86)/gnu tools arm embedded/7 2017-q4-major/bin/../lib/gcc/arm-none-eabi/7.2.1/../../../../arm-none-eabi/lib/thumb/v7e-m/fpv4-sp/hard\libg.a(lib_a-dtoa.o)
__multiply                                        c:/program files (x86)/gnu tools arm embedded/7 2017-q4-major/bin/../lib/gcc/arm-none-eabi/7.2.1/../../../../arm-none-eabi/lib/thumb/v7e-m/fpv4-sp/hard\libg.a(lib_a-mprec.o)
                                                  c:/program files (x86)/gnu tools arm embedded/7 2017-q4-major/bin/../lib/gcc/arm-none-eabi/7.2.1/../../../../arm-none-eabi/lib/thumb/v7e-m/fpv4-sp/hard\libg.a(lib_a-dtoa.o)
__nedf2                                           c:/program files (x86)/gnu tools arm embedded/7 2017-q4-major/bin/../lib/gcc/arm-none-eabi/7.2.1/thumb/v7e-m/fpv4-sp/hard\libgcc.a(_arm_cmpdf2.o)
__pow5mult                                        c:/program files (x86)/gnu tools arm embedded/7 2017-q4-major/bin/../lib/gcc/arm-none-eabi/7.2.1/../../../../arm-none-eabi/lib/thumb/v7e-m/fpv4-sp/hard\libg.a(lib_a-mprec.o)
                                                  c:/program files (x86)/gnu tools arm embedded/7 2017-q4-major/bin/../lib/gcc/arm-none-eabi/7.2.1/../../../../arm-none-eabi/lib/thumb/v7e-m/fpv4-sp/hard\libg.a(lib_a-dtoa.o)
__preinit_array_end                               c:/program files (x86)/gnu tools arm embedded/7 2017-q4-major/bin/../lib/gcc/arm-none-eabi/7.2.1/../../../../arm-none-eabi/lib/thumb/v7e-m/fpv4-sp/hard\libg.a(lib_a-init.o)
__preinit_array_start                             c:/program files (x86)/gnu tools arm embedded/7 2017-q4-major/bin/../lib/gcc/arm-none-eabi/7.2.1/../../../../arm-none-eabi/lib/thumb/v7e-m/fpv4-sp/hard\libg.a(lib_a-init.o)
__ratio                                           c:/program files (x86)/gnu tools arm embedded/7 2017-q4-major/bin/../lib/gcc/arm-none-eabi/7.2.1/../../../../arm-none-eabi/lib/thumb/v7e-m/fpv4-sp/hard\libg.a(lib_a-mprec.o)
__register_exitproc                               c:/program files (x86)/gnu tools arm embedded/7 2017-q4-major/bin/../lib/gcc/arm-none-eabi/7.2.1/../../../../arm-none-eabi/lib/thumb/v7e-m/fpv4-sp/hard\libg.a(lib_a-__atexit.o)
                                                  c:/program files (x86)/gnu tools arm embedded/7 2017-q4-major/bin/../lib/gcc/arm-none-eabi/7.2.1/../../../../arm-none-eabi/lib/thumb/v7e-m/fpv4-sp/hard\libg.a(lib_a-atexit.o)
__register_frame_info                             c:/program files (x86)/gnu tools arm embedded/7 2017-q4-major/bin/../lib/gcc/arm-none-eabi/7.2.1/thumb/v7e-m/fpv4-sp/hard/crtbegin.o
__retarget_lock_acquire                           c:/program files (x86)/gnu tools arm embedded/7 2017-q4-major/bin/../lib/gcc/arm-none-eabi/7.2.1/../../../../arm-none-eabi/lib/thumb/v7e-m/fpv4-sp/hard\libg.a(lib_a-lock.o)
__retarget_lock_acquire_recursive                 c:/program files (x86)/gnu tools arm embedded/7 2017-q4-major/bin/../lib/gcc/arm-none-eabi/7.2.1/../../../../arm-none-eabi/lib/thumb/v7e-m/fpv4-sp/hard\libg.a(lib_a-lock.o)
                                                  c:/program files (x86)/gnu tools arm embedded/7 2017-q4-major/bin/../lib/gcc/arm-none-eabi/7.2.1/../../../../arm-none-eabi/lib/thumb/v7e-m/fpv4-sp/hard\libg.a(lib_a-fputwc.o)
                                                  c:/program files (x86)/gnu tools arm embedded/7 2017-q4-major/bin/../lib/gcc/arm-none-eabi/7.2.1/../../../../arm-none-eabi/lib/thumb/v7e-m/fpv4-sp/hard\libg.a(lib_a-fclose.o)
                                                  c:/program files (x86)/gnu tools arm embedded/7 2017-q4-major/bin/../lib/gcc/arm-none-eabi/7.2.1/../../../../arm-none-eabi/lib/thumb/v7e-m/fpv4-sp/hard\libg.a(lib_a-__atexit.o)
                                                  c:/program files (x86)/gnu tools arm embedded/7 2017-q4-major/bin/../lib/gcc/arm-none-eabi/7.2.1/../../../../arm-none-eabi/lib/thumb/v7e-m/fpv4-sp/hard\libg.a(lib_a-vfiprintf.o)
                                                  c:/program files (x86)/gnu tools arm embedded/7 2017-q4-major/bin/../lib/gcc/arm-none-eabi/7.2.1/../../../../arm-none-eabi/lib/thumb/v7e-m/fpv4-sp/hard\libg.a(lib_a-putc.o)
                                                  c:/program files (x86)/gnu tools arm embedded/7 2017-q4-major/bin/../lib/gcc/arm-none-eabi/7.2.1/../../../../arm-none-eabi/lib/thumb/v7e-m/fpv4-sp/hard\libg.a(lib_a-mlock.o)
                                                  c:/program files (x86)/gnu tools arm embedded/7 2017-q4-major/bin/../lib/gcc/arm-none-eabi/7.2.1/../../../../arm-none-eabi/lib/thumb/v7e-m/fpv4-sp/hard\libg.a(lib_a-findfp.o)